[    .000000] Initializing cgroup subsys cpuset
[    0.000000] Initializing cgroup subsys cpu
[    0.000000] Initializing cgroup subsys cpuacct
[    0.000000] Linux version 4.4.0-112-generic (buildd@lgw01-amd64-010) (gcc version 5.4.0 20160609 (unu 5..0ubuntu1164.5) ) #35-Ubuntu SMP Fri an 19 11:48:36 UTC 2018 (Ubuntu 4.4.0-112.135-generic 4.4.98)
[    0.000000] Command line: BOOT_IMAGE=/oot/vmlinuz-4.4.0-112eneric otLABELcldimg-rofsrocoole=tyconsletyS0
[   .00000] KEREL supporedpus:[   0.000]   nt GenuineIntl
[   000000  MD AuheicAMD[   0.000000]   Centau CentarHuls
[  0000000x8/fpu: xstae_offset[2]:  57 xtae_zes[2]:  256
[   0.0000] x6/fpu: Supporting XSAVE feature 0x1: '87loatig int rgites'
[   .00000 x6/fpu: pportingSAE fetu 0x02: 'SSregisers'
[    0.000000] x86/fpu: Supporting XSAVE feature 0x04: 'AVX registers'
[    0.000000] x86/fu: Ebled xtae eatures 0x7, context size is 832 bytes, using 'standard' format.
[    0.000000] x86/fpu: Using 'lazy' FPU context switches.
[    0.000000] e820: BIOS-provided physical RAM map:
[    0.000000] BIOS-e820: [mem 0x0000000000000000-0x000000000009fbff] usable
[    0.000000] BIOS-e820: [mem 0x000000000009fc00-0x000000000009ffff] reserved
[    0.000000] BIOS-e820: [mem 0x00000000000f0000-0x00000000000fffff] reserved
[    0.000000] BIOS-e820: [mem 0x0000000000100000-0x000000003ffeffff] usable
[    0.000000] BIOS-e820: [mem 0x00000003ff00-0x00000000fffffACI data
[    0.000000] BIOS-e820: [mem 0x00000000fec00000-0x00000000fec00fff] reserved
[    0.000000] BIOS-e820: [mem 0x00000000fee00000-0x00000000fee00fff] reserved
[    0.000000] BIOS-e820: [mem 0x00000000fffc0000-0x00000000ffffffff] reserved
[    0.000000] NX (Execute Disable) protection: active
[    0.0000 SMBIOS 2.5 present.
[    0.000000] Hypervisor detected: KVM
[    0.000000] e820: last_pfn = 0x3fff0 max_arch_pfn = 0x400000000
[    0.000000] MTRR: Disabled
[    0.000000] x86/PAT: MTRRs disabled, skipping PAT initialization too.
[    0.000000] CPU MTRRs all blank - virtualized system.
[    0.000000] x86/PAT: Configuration [0-7]: WB  WT  UC- UC  WB  WT  UC- UC  
[    0.000000] found SMP MP-table at [mem 0x0009fff0-0x0009ffff] mapped at [ffff88000009fff0]
[    0.000000] Scanning 1 ars for l meory corruption
[    0.000000] RAMDISK: [mem 0x36adc000-0x37565fff]
[    0.000000] ACPI: Early table checksum verification disabled
[   0.0000]AC: RSDP 0000000000E0000 000024 (v02VBX )
[    0.000000] ACPI: XSDT 0x000000003FFF0030 00003 (1 VBO  BOXXSD 000001AS 0000061
[    0.000000] ACPI: FACP 0x000000003FFF00F0 000F4 (v04 VBOX   VBOXFACP 00000001 ASL  00000061)
[   0.000000] ACPI: DSDT 0x000000003FFF0470 0021FF (v02 VBOX   VBOXBIOS 00000002 INTL 20100528)
[    0.000000] ACPI: FACS 0x000000003FFF0200 000040
[    0.000000] ACPI: FACS 0x000000003FFF0200 000040
[    0.000000] ACPI: APIC 0x000000003FFF0240 00005C (v02 VBOX   VBOXAPIC 000001 ASL  00001)
[    00000] PI: SSDT 0x000000003FFF02A0 0001CC (v01 VBOX   VBOXCPUT 00000002 INTL 20100528)
[    0.000000] No NUMA configuration found
[    0.000000] Faking a node at [mem 0x0000000000000000-0x0000003efff]
  0.000000] NODE_DATA(0) allocated [mem 0x3feb000-0x3fefff]
[    0.000000] kvm-clock: Using msrs 4b564d01 and 4b564d00
[    0.000000] kvm-clock: cpu 0, msr 0:3f301, pimy cpuclk
[  0000000]vmclock: uin sch ofst  3143903 cycles
[    0.000000] clocksource: kvm-clock: mask: 0xffffffffffffffff max_cycles: 0x1cd42e4dffb, max_idle_ns: 881590591483 ns
[    0.000000] Zone ranges:
[    0.000000]   DMA      [mem 0x000000000001000-0x0000000000ffffff]
[    0.00000]   DMA32    [mem 0x0000000001000000-0x000000003ffeffff]
[   0.0000] Norma  mpty
  0.0000   Devce  mpty[   0.000] Moab zone ta forea nod
   0.00000 Erlmemoy de ranges
[  0.000]   ne  0: [em 0x000000000000100-0x00000000fff]
[   0.00000]   node   0: [mem x000000000100000-0x0000003fefff][    0.0000] Intm setup node 0 [mem 0x0000000000001000-0x000000003ffeffff]
[    0.000000] ACPI: PM-Timer IO Port: 0x4008
[    0.000000] IOAPIC[0]: apic_id 2, version 32, address 0xfec00000, GSI 0-23
[    0.000000] ACPI: INT_SRC_OVR (bus 0 bus_irq 0 global_irq 2 dfl dfl)
[    0.000000] ACPI: INT_SRC_OVR (bus 0 bus_irq 9 global_irq 9 low level)
[    0.000000] Using ACPI (MADT) for SMP configuration information
[    0.000000] smpboot: Allowing 2 CPUs, 0 hotplug CPUs
[    0.000000] PM: Registered nosave memory: [mem 0x00000000-0x00000fff]
[    0.000000] PM: Registered nave memy:[mem 0x09f000-0x0009fff]
[  0000000] PM: Registered nosave mory: [mm x00000-0x00eff]
[   .000000] PM: Registered nosave memory: [em0x000000-0x000ffff]
[   0000000] e82: em 0x0000000-0xfebfffff] available for PCI devices
[    0.000000] Booting paravirtualized ernel n M
[    0.000000 ccksource rened-ifes: ma: xfffff max_cycls:xffffffff, max_idle_ns: 7645519600211568 ns
[    0.000000] setup_percpu: NR_CPUS:512 nr_cpumask_bits:512 nr_cpu_ids:2 nr_node_ids:1
[    0.000000] PERU:Embdd 34 pescpu @fff803fc00 s99544 r8192 31528 u14876
[    0.0000] PV qspinlock hash table entries: 256 (order: 0, 4096 bytes)
[    0.000000] Built 1 zonelists in Node order, mobility grouping on. Toll pags:25913
[   0000000] Pliy zon DA32
[  00000] Krnel commndline BT_IMAE=oot/mluz-44.011-gener rot=LBEcloudimg-oos ro consletty1coole=ty
[    00000] PD as tabe ntries: 496(order 3 3278 tes)
  0.000000] Memory: 1001740K/1048120K availle(849 krnel cde1309 rata, 398Kodat 108K ni 131K s, 4630K reservd,0K cma-reserved)
[    0.000000] SLUB: HWalign=64, Order=0-3, MinObjects=0, CPUs=2, Nodes=1
[    0.000000] Kernel/User page tables isolation: enabled
[    0.000000] Hierarchical RCU implementation.
[    0.000000] 	Build-time adjustment of leaf fanout to 64.
[    0.000000] 	RCU restricting CPUs from NR_CPUS=512 to nr_cpu_ids=2.
[    0.000000] RCU: Adjusting gometry for rc_foout_lea64 nrcpids=2    00000] NR_IRQS:3324 nirs:440 6
[   000000] Conse: colou V+ 80x5[    00000] conol[tty eabled
[   000000 console[tty0]nabled
   0.000000] tsc: Detected 1599.999 MHz processor
[   11.049990] Calibrating delay loop (skipped) preset value.. 3199.99 BogoMIPS (lpj=6399996)
[   11.157022] pid_max: default: 32768 minimum: 301
[   11.158215] ACPI: Core revision 20150930
[   11.222227] ACPI: 2 ACPI AML tables successfully acquired and loaded
[   11.244131] Security Framework initialized
[   11.313038] Yama: becoming mindful.
[   11.363211] AppArmor: AppArmor initialized
[   11.405249] Dentry cache hash table entries: 131072 (order: 8, 1048576 bytes)
[   11.427970] Inode-cache hash table entries: 65536 (order: 7, 524288 bytes)
[   11.495762] Mount-cache hash table entries: 2048 (order: 2, 16384 bytes)
[   11.594217] Mountpoint-cache hash table entries: 2048 (order: 2, 16384 bytes)
[   11.596101] Initializing cgroup subsys io
[   11.597174] Initializing cgroup subsys memory
[   11.598326] Initializing cgroup subsys devices
[   11.599472] Initializing cgroup subsys freezer
[   11.618295] Initializing cgroup subsys net_cls
[   11.683674] Initializing cgroup subsys perf_event
[   11.763010] Initializing cgroup subsys net_prio
[   11.842318] Initializing cgroup subsys hugetlb
[   11.883228] Initializing cgroup subsys pids
[   11.884622] CPU: Physical Processor ID: 0
[   11.935190] CPU: Processor Core ID: 0
[   11.942154] FEATURE SPEC_CTRL Not Present
[   11.944220] mce: CPU supports 0 MCE banks
[   11.997405] Last level iTLB entries: 4KB 64, 2MB 8, 4MB 8
[   12.022268] Last level dTLB entries: 4KB 64, 2MB 0, 4MB 0, 1GB 4
[   12.072668] Freeing SMP alternatives memory: 32K
[   12.157429] ftrace: allocating 32180 entries in 126 pages
[   12.254614] smpboot: APIC(0) Converting physical 0 to logical package 0
[   12.349573] smpboot: Max logical packages: 1
[   12.389341] x2apic enabled
[   12.429261] Switched APIC routing to physical x2apic.
[   12.474659] ..TIMER: vector=0x30 apic1=0 pin1=2 apic2=-1 pin2=-1
[   12.672720] APIC calibration not consistent with PM-Timer: 101ms instead of 100ms
[   12.685430] APIC delta adjusted to PM-Timer: 6249971 (6325889)
[   12.701569] smpboot: CPU0: Intel(R) Core(TM) i5-5250U CPU @ 1.60GHz (family: 0x6, model: 0x3d, stepping: 0x4)
[   12.722273] Performance Events: unsupported p6 CPU model 61 no PMU driver, software events only.
[   12.727963] KVM setup paravirtual spinlock
[   12.744898] x86: Booting SMP configuration:
[   12.774341] .... node  #0, CPUs:      #1
[   12.829698] kvm-clock: cpu 1, msr 0:3ffe3041, secondary cpu clock
[   12.861495] mce: CPU supports 0 MCE banks
[   12.875289] x86: Booted up 1 node, 2 CPUs
[   12.919135] smpboot: Total of 2 processors activated (6399.99 BogoMIPS)
[   12.946725] devtmpfs: initialized
[   12.968353] evm: security.selinux
[   12.999974] evm: security.SMACK64
[   13.011849] evm: security.SMACK64EXEC
[   13.055174] evm: security.SMACK64TRANSMUTE
[   13.092237] evm: security.SMACK64MMAP
[   13.139613] evm: security.ima
[   13.173045] evm: security.capability
[   13.177977] clocksource: jiffies: mask: 0xffffffff max_cycles: 0xffffffff, max_idle_ns: 7645041785100000 ns
[   13.210070] futex hash table entries: 512 (order: 3, 32768 bytes)
[   13.211687] pinctrl core: initialized pinctrl subsystem
[   13.215949] RTC time: 16:21:33, date: 01/29/18
[   13.259031] NET: Registered protocol family 16
[   13.306976] cpuidle: using governor ladder
[   13.338685] cpuidle: using governor menu
[   13.346668] PCCT header not found.
[   13.347712] ACPI: bus type PCI registered
[   13.378443] acpiphp: ACPI Hot Plug PCI Controller Driver version: 0.5
[   13.431159] PCI: Using configuration type 1 for base access
[   13.484501] ACPI: Added _OSI(Module Device)
[   13.526830] ACPI: Added _OSI(Processor Device)
[   13.558684] ACPI: Added _OSI(3.0 _SCP Extensions)
[   13.581130] ACPI: Added _OSI(Processor Aggregator Device)
[   13.620990] ACPI: Executed 1 blocks of module-level executable AML code
[   13.668993] ACPI: Interpreter enabled
[   13.687759] ACPI: (supports S0 S5)
[   13.711202] ACPI: Using IOAPIC for interrupt routing
[   13.712939] PCI: Using host bridge windows from ACPI; if necessary, use "pci=nocrs" and report a bug
[   13.778411] ACPI: PCI Root Bridge [PCI0] (domain 0000 [bus 00-ff])
[   13.789659] acpi PNP0A03:00: _OSC: OS supports [ASPM ClockPM Segments MSI]
[   13.801431] acpi PNP0A03:00: _OSC: not requesting OS control; OS requires [ExtendedConfig ASPM ClockPM MSI]
[   13.840949] acpi PNP0A03:00: fail to add MMCONFIG information, can't access extended PCI configuration space under this bridge.
[   13.877399] PCI host bridge to bus 0000:00
[   13.878633] pci_bus 0000:00: root bus resource [io  0x0000-0x0cf7 window]
[   13.889951] pci_bus 0000:00: root bus resource [io  0x0d00-0xffff window]
[   13.907254] pci_bus 0000:00: root bus resource [mem 0x000a0000-0x000bffff window]
[   13.917902] pci_bus 0000:00: root bus resource [mem 0x40000000-0xfdffffff window]
[   13.942233] pci_bus 0000:00: root bus resource [bus 00-ff]
[   13.946707] pci 0000:00:01.1: legacy IDE quirk: reg 0x10: [io  0x01f0-0x01f7]
[   14.023129] pci 0000:00:01.1: legacy IDE quirk: reg 0x14: [io  0x03f6]
[   14.070423] pci 0000:00:01.1: legacy IDE quirk: reg 0x18: [io  0x0170-0x0177]
[   14.120208] pci 0000:00:01.1: legacy IDE quirk: reg 0x1c: [io  0x0376]
[   14.200075] pci 0000:00:07.0: quirk: [io  0x4000-0x403f] claimed by PIIX4 ACPI
[   14.265687] pci 0000:00:07.0: quirk: [io  0x4100-0x410f] claimed by PIIX4 SMB
[   14.345368] ACPI: PCI Interrupt Link [LNKA] (IRQs 5 9 10 *11)
[   14.406899] ACPI: PCI Interrupt Link [LNKB] (IRQs 5 9 *10 11)
[   14.458064] ACPI: PCI Interrupt Link [LNKC] (IRQs 5 *9 10 11)
[   14.528947] ACPI: PCI Interrupt Link [LNKD] (IRQs 5 9 10 *11)
[   14.543994] ACPI: Enabled 2 GPEs in block 00 to 07
[   14.545792] vgaarb: setting as boot device: PCI:0000:00:02.0
[   14.607705] vgaarb: device added: PCI:0000:00:02.0,decodes=io+mem,owns=io+mem,locks=none
[   14.674307] vgaarb: loaded
[   14.705566] vgaarb: bridge control possible 0000:00:02.0
[   14.764992] SCSI subsystem initialized
[   14.800909] ACPI: bus type USB registered
[   14.812166] usbcore: registered new interface driver usbfs
[   14.828993] usbcore: registered new interface driver hub
[   14.835230] usbcore: registered new device driver usb
[   14.856649] PCI: Using ACPI for IRQ routing
[   14.885487] NetLabel: Initializing
[   14.914120] NetLabel:  domain hash size = 128
[   14.945080] NetLabel:  protocols = UNLABELED CIPSOv4
[   14.982609] NetLabel:  unlabeled traffic allowed by default
[   15.034972] amd_nb: Cannot enumerate AMD northbridges
[   15.072856] clocksource: Switched to clocksource kvm-clock
[   5.410]pprmr:ppmo Flest Ebl
  5.30900] pp:nP ACPI init
[  15928961] npPnACI:ou 3evce

[   16.430968] clocksource: acpi_pm: mask: 0xffffff max_cycles: 0xffffff, max_idle_ns: 2085701024 ns
[   16.499373] NET: Registered protocol family 2
[   16.584278] TCP established hash table entries: 8192 (order: 4, 65536 bytes)
[   16.585988] TCP bind hash table entries: 8192 (order: 5, 131072 bytes)
[   16.587676] TCP: Hash tables configured (established 8192 bind 8192)
[   16.629267] UDP hash table entries: 512 (order: 2, 16384 bytes)
[   16.698762] UDP-Lite hash table entries: 512 (order: 2, 16384 bytes)
[   16.743243] NET: Registered protocol family 1
[   16.789291] pci 0000:00:00.0: Limiting direct PCI/PCI transfers
[   16.843804] pci 0000:00:01.0: Activating ISA DMA hang workarounds
[   16.852624] Unpacking initramfs...
[   18.974036] Freeing initrd memory: 10792K
[   19.004947] RAPL PMU detected, API unit is 2^-32 Joules, 4 fixed counters 10737418240 ms ovfl timer
[   19.083599] hw unit of domain pp0-core 2^-0 Joules
[   19.123673] hw unit of domain package 2^-0 Joules
[   19.154799] hw unit of domain dram 2^-0 Joules
[   19.157389] hw unit of domain pp1-gpu 2^-0 Joules
[   19.187056] platform rtc_cmos: registered platform RTC device (no PNP device found)
[   19.267215] Scanning for low memory corruption every 60 seconds
[   19.299411] audit: initializing netlink subsys (disabled)
[   19.329560] audit: type=2000 audit(1517242889.436:1): initialized
[   19.356086] Initialise system trusted keyring
[   19.370414] HugeTLB registered 2 MB page size, pre-allocated 0 pages
[   19.435841] zbud: loaded
[   19.466459] VFS: Disk quotas dquot_6.6.0
[   19.498836] VFS: Dquot-cache hash table entries: 512 (order 0, 4096 bytes)
[   19.540454] squashfs: version 4.0 (2009/01/31) Phillip Lougher
[   19.616332] fuse init (API version 7.23)
[   19.652802] Key type big_key registered
[   19.705182] Allocating IMA MOK and blacklist keyrings.
[   19.763053] Key type asymmetric registered
[   19.803562] Asymmetric key parser 'x509' registered
[   19.835274] Block layer SCSI generic (bsg) driver version 0.4 loaded (major 249)
[   19.870244] io scheduler noop registered
[   19.885764] io scheduler deadline registered (default)
[   19.955152] io scheduler cfq registered
[   19.994295] pci_hotplug: PCI Hot Plug PCI Core version: 0.5
[   20.036978] pciehp: PCI Express Hot Plug Controller Driver version: 0.4
[   20.089324] ACPI: AC Adapter [AC] (off-line)
[   20.115379] input: Power Button as /devices/LNXSYSTM:00/LNXPWRBN:00/input/input0
[   20.174462] ACPI: Power Button [PWRF]
[   20.213077] tsc: Refined TSC clocksource calibration: 1600.919 MHz
[   20.293364] clocksource: tsc: mask: 0xffffffffffffffff max_cycles: 0x17138911b17, max_idle_ns: 440795245554 ns
[   20.297869] input: Sleep Button as /devices/LNXSYSTM:00/LNXSLPBN:00/input/input1
[   20.297872] ACPI: Sleep Button [SLPF]
[   20.299462] ACPI: Battery Slot [BAT0] (battery present)
[   20.299517] GHES: HEST is not enabled!
[   20.333988] Serial: 8250/16550 driver, 32 ports, IRQ sharing enabled
[   20.435099] 00:02: ttyS0 at I/O 0x3f8 (irq = 4, base_baud = 115200) is a 16550A
[   20.453962] Linux agpgart interface v0.103
[   20.514607] loop: module loaded
[   20.515194] scsi host0: ata_piix
[   20.515253] scsi host1: ata_piix
[   20.515284] ata1: PATA max UDMA/33 cmd 0x1f0 ctl 0x3f6 bmdma 0xd000 irq 14
[   20.515285] ata2: PATA max UDMA/33 cmd 0x170 ctl 0x376 bmdma 0xd008 irq 15
[   20.515361] libphy: Fixed MDIO Bus: probed
[   20.515363] tun: Universal TUN/TAP device driver, 1.6
[   20.515363] tun: (C) 1999-2004 Max Krasnyansky <maxk@qualcomm.com>
[   20.515693] PPP generic driver version 2.4.2
[   20.515749] ehci_hcd: USB 2.0 'Enhanced' Host Controller (EHCI) Driver
[   20.515753] ehci-pci: EHCI PCI platform driver
[   20.515769] ehci-platform: EHCI generic platform driver
[   20.515778] ohci_hcd: USB 1.1 'Open' Host Controller (OHCI) Driver
[   20.515781] ohci-pci: OHCI PCI platform driver
[   20.515789] ohci-platform: OHCI generic platform driver
[   20.515796] uhci_hcd: USB Universal Host Controller Interface driver
[   20.515853] i8042: PNP: PS/2 Controller [PNP0303:PS2K,PNP0f03:PS2M] at 0x60,0x64 irq 1,12
[   20.516356] serio: i8042 KBD port at 0x60,0x64 irq 1
[   20.516360] serio: i8042 AUX port at 0x60,0x64 irq 12
[   20.516458] mousedev: PS/2 mouse device common for all mice
[   20.516739] input: AT Translated Set 2 keyboard as /devices/platform/i8042/serio0/input/input2
[   20.517122] rtc_cmos rtc_cmos: rtc core: registered rtc_cmos as rtc0
[   20.517185] rtc_cmos rtc_cmos: alarms up to one day, 114 bytes nvram
[   20.517191] i2c /dev entries driver
[   20.517250] device-mapper: uevent: version 1.0.3
[   20.517328] device-mapper: ioctl: 4.34.0-ioctl (2015-10-28) initialised: dm-devel@redhat.com
[   20.517348] ledtrig-cpu: registered to indicate activity on CPUs
[   20.517969] NET: Registered protocol family 10
[   20.518133] NET: Registered protocol family 17
[   20.518144] Key type dns_resolver registered
[   20.518293] microcode: CPU0 sig=0x306d4, pf=0x40, revision=0x0
[   20.519645] microcode: CPU1 sig=0x306d4, pf=0x40, revision=0x0
[   20.519689] microcode: Microcode Update Driver: v2.01 <tigran@aivazian.fsnet.co.uk>, Peter Oruba
[   20.519812] registered taskstats version 1
[   20.519826] Loading compiled-in X.509 certificates
[   20.520522] Loaded X.509 cert 'Build time autogenerated kernel key: 4c603087bab8f0a02cb3b4e1fb4c40f507e71ef1'
[   20.520540] zswap: loaded using pool lzo/zbud
[   20.523959] Key type trusted registered
[   20.528348] Key type encrypted registered
[   20.528357] AppArmor: AppArmor sha1 policy hashing enabled
[   20.528361] ima: No TPM chip found, activating TPM-bypass!
[   20.528385] evm: HMAC attrs: 0x1
[   20.528718]   Magic number: 2:668:389
[   20.536166] rtc_cmos rtc_cmos: setting system clock to 2018-01-29 16:21:40 UTC (1517242900)
[   20.536295] BIOS EDD facility v0.16 2004-Jun-25, 0 devices found
[   20.536296] EDD information not available.
[   22.432950] Freeing unused kernel memory: 1508K
[   22.457936] Write protecting the kernel read-only data: 14336k
[   22.530458] Freeing unused kernel memory: 1728K
[   23.310645] Freeing unused kernel memory: 108K
Loading, please wait...
starting version[   23.485515] random: systemd-udevd: uninitialized urandom read (16 bytes read, 9 bits of entropy available)
 229
[   23.486765] random: udevadm: uninitialized urandom read (16 bytes read, 9 bits of entropy available)
[   23.486807] random: udevadm: uninitialized urandom read (16 bytes read, 9 bits of entropy available)
[   23.501133] random: udevadm: uninitialized urandom read (16 bytes read, 9 bits of entropy available)
[   23.501188] random: udevadm: uninitialized urandom read (16 bytes read, 9 bits of entropy available)
[   23.501453] random: udevadm: uninitialized urandom read (16 bytes read, 9 bits of entropy available)
[   23.501528] random: udevadm: uninitialized urandom read (16 bytes read, 9 bits of entropy available)
[   23.501600] random: udevadm: uninitialized urandom read (16 bytes read, 9 bits of entropy available)
[   23.501676] random: udevadm: uninitialized urandom read (16 bytes read, 9 bits of entropy available)
[   23.501795] random: udevadm: uninitialized urandom read (16 bytes read, 9 bits of entropy available)
[   24.361267] e1000: Intel(R) PRO/1000 Network Driver - version 7.3.21-k8-NAPI
[   24.366419] e1000: Copyright (c) 1999-2006 Intel Corporation.
[   24.369006] Fusion MPT base driver 3.04.20
[   24.422991] Copyright (c) 1999-2008 LSI Corporation
[   24.497601] Fusion MPT SPI Host driver 3.04.20
[   24.515383] AVX2 version of gcm_enc/dec engaged.
[   24.553884] AES CTR mode by8 optimization enabled
[   24.761030] input: ImExPS/2 Generic Explorer Mouse as /devices/platform/i8042/serio1/input/input4
[   24.881452] e1000 0000:00:03.0 eth0: (PCI:33MHz:32-bit) 02:db:14:78:b4:e6
[   24.884582] e1000 0000:00:03.0 eth0: Intel(R) PRO/1000 Network Connection
[   24.899638] mptbase: ioc0: Initiating bringup
[   25.233778] ioc0: LSI53C1030 A0: Capabilities={Initiator}
[   25.787594] scsi host2: ioc0: LSI53C1030 A0, FwRev=00000000h, Ports=1, MaxQ=256, IRQ=20
[   26.724596] scsi 2:0:0:0: Direct-Access     VBOX     HARDDISK         1.0  PQ: 0 ANSI: 5
[   27.289246] scsi target2:0:0: Beginning Domain Validation
[   27.328447] scsi target2:0:0: Domain Validation skipping write tests
[   27.338807] scsi target2:0:0: Ending Domain Validation
[   27.364486] scsi target2:0:0: asynchronous
[   27.381163] scsi 2:0:1:0: Direct-Access     VBOX     HARDDISK         1.0  PQ: 0 ANSI: 5
[   27.417753] scsi target2:0:1: Beginning Domain Validation
[   27.430367] scsi target2:0:1: Domain Validation skipping write tests
[   27.442859] scsi target2:0:1: Ending Domain Validation
[   27.446686] scsi target2:0:1: asynchronous
[   27.457740] sd 2:0:0:0: Attached scsi generic sg0 type 0
[   27.475126] sd 2:0:0:0: [sda] 20971520 512-byte logical blocks: (10.7 GB/10.0 GiB)
[   27.507378] floppy0: no floppy controllers found
[   27.522906] sd 2:0:1:0: Attached scsi generic sg1 type 0
[   27.553353] sd 2:0:1:0: [sdb] 20480 512-byte logical blocks: (10.5 MB/10.0 MiB)
[   27.556235] sd 2:0:0:0: [sda] Write Protect is off
[   27.566510] sd 2:0:1:0: [sdb] Write Protect is off
[   27.568030] sd 2:0:1:0: [sdb] Incomplete mode parameter data
[   27.569683] sd 2:0:1:0: [sdb] Assuming drive cache: write through
[   27.573186] sd 2:0:0:0: [sda] Incomplete mode parameter data
[   27.617291] sd 2:0:0:0: [sda] Assuming drive cache: write through
[   27.621636] sd 2:0:1:0: [sdb] Attached SCSI disk
[   27.650910]  sda: sda1
[   27.671420] sd 2:0:0:0: [sda] Attached SCSI disk
[   27.694440] e1000 0000:00:08.0 eth1: (PCI:33MHz:32-bit) 08:00:27:63:ae:58
[   27.736932] e1000 0000:00:08.0 eth1: Intel(R) PRO/1000 Network Connection
[   27.740584] e1000 0000:00:08.0 enp0s8: renamed from eth1
[   27.849033] e1000 0000:00:03.0 enp0s3: renamed from eth0
Begin: Loading e[   29.300130] md: linear personality registered for level -1
ssential drivers ... [   29.310391] md: multipath personality registered for level -4
[   29.342013] md: raid0 personality registered for level 0
[   29.357310] md: raid1 personality registered for level 1
[   29.445027] raid6: sse2x1   gen()  1291 MB/s
[   29.526030] raid6: sse2x1   xor()  5822 MB/s
[   29.612782] raid6: sse2x2   gen()  9159 MB/s
[   29.697416] raid6: sse2x2   xor()  6158 MB/s
[   29.788368] raid6: sse2x4   gen() 11802 MB/s
[   29.893468] raid6: sse2x4   xor()  7421 MB/s
[   29.984900] raid6: avx2x1   gen() 15609 MB/s
[   30.093240] raid6: avx2x2   gen() 18020 MB/s
[   30.196922] raid6: avx2x4   gen() 16668 MB/s
[   30.240948] raid6: using algorithm avx2x2 gen() 18020 MB/s
[   30.280743] raid6: using avx2x2 recovery algorithm
[   30.308718] xor: automatically using best checksumming function:
[   30.377242]    avx       : 21514.000 MB/sec
[   30.426303] async_tx: api initialized (async)
[   30.462378] md: raid6 personality registered for level 6
[   30.474004] md: raid5 personality registered for level 5
[   30.486873] md: raid4 personality registered for level 4
[   30.498706] md: raid10 personality registered for level 10
done.
Begin: Running /scripts/init-premount ... done.
Begin: Mounting[   30.588092] Btrfs loaded
 root file system ... Begin: Running /scripts/local-top ... done.
Begin: Running /scripts/local-premount ... Scanning for Btrfs filesystems
do[   30.639498] EXT4-fs (sda1): mounted filesystem with ordered data mode. Opts: (null)
ne.
Warning: fsck not present, so skipping root file system
done.
Begin: Running /scripts/local-bottom ... done.
Begin: Running /scripts/init-bottom ... done.
[   30.806144] systemd[1]: systemd 229 running in system mode. (+PAM +AUDIT +SELINUX +IMA +APPARMOR +SMACK +SYSVINIT +UTMP +LIBCRYPTSETUP +GCRYPT +GNUTLS +ACL +XZ -LZ4 +SECCOMP +BLKID +ELFUTILS +KMOD -IDN)
[   30.885396] systemd[1]: Detected virtualization oracle.
[   30.945613] systemd[1]: Detected architecture x86-64.

Welcome to [1mUbuntu 16.04.3 LTS[0m!

[   30.985788] systemd[1]: Se htne  <untu>
[   31.253017] systemd[1]: Initializing machine ID from random generator.
[   31.298077] systemd[1]: Installed transient /etc/machine-id file.
[   31.475967] random: nonblocking pool is initialized
[   31.550318] systemd[1]: Listening on Device-mapper event daemon FIFOs.
[[0;32m  OK  [0m] Listening on Device-mapper event daemon FIFOs.
[ 31.60578] ysmd1]: Listening onVMpo dmosoet.

[[0;32m  OK  [0m] Listening on LVM2 poll daemon socket.
[   32.168113] systemd[1]: Started Trigger resolvconf update for networkd DNS.
[[0;32m  OK  [0m] Started Trigger resolvconf update for networkd DNS.
[ 32328173] sstemd[1]: Created slice System Slice.

[[0;32m  OK  [0m] Created slice System Slice.
[ 32981]ysmd1]: Created slice sstm-ri\xgey.ice.
[[0;32m  OK  [0m] Created slice system-serial\x2dgetty.slice.
[   33.779] stemd[1]Lieng n url oct.

[[0;32m  OK  [0m] Listening on Journal Socket.
[   33.877511] systemd[1]: Starting Remount Root and Kernel File Systems...
         [   33.965561] EXT4-fs (sda1): re-mounted. Opts: (null)
Starting Remount Root and Kernel File Systems...
[   34.033579] systemd[1]: Starting Create list of required static device nodes for the current kernel...
         Starting Create list of required st... nodes for the current kernel...
[   34.197500] systemd[1]: Mounting Huge Pages File System...
         Mounting Huge Pages File System...
[   34.309371] systemd[1]: Mounting Debug File System...
         Mounting Debug File System...
[   34.385513] systemd[1]: Listening on Journal Audit Socket.
[[0;32m  OK  [0m] Listening on Journal Audit Socket.
[   34.444311] systemd[1]: Started Forward Password Requests to Wall Directory Watch.
[[0;32m  OK  [0m] Started Forward Password Requests to Wall Directory Watch.
[  3457387] ysmd]:eachd rg Swap.

[[0;32m  OK  [0m] Reached target Swap.
[   35.005231] systemd[1]: Starting Nameserver information manager...
         Starting Nameserver information manager...
[ 35141566 ste[1: istening on de/itcl mpibit NedPipe.
[[0;32m  OK  [0m] Listening on /dev/initctl Compatibility Named Pipe.
[ 359798syted[]: Liseening on udev Kernel Socket.
[[0;32m  OK  [0m] Listening on udev Kernel Socket.
[   36.289434] systemd[1]: Mounting POSIX Message Queue File System...
         Mounting POSIX Message Queue File System...
[   36.381570] systemd[1]: Starting Uncomplicated firewall...
         Starting Uncomplicated firewall...
[   36.493682] systemd[1]: Starting Set console keymap...
         Starting Set console keymap...
[   36.577566] systemd[1]: Reached target User and Group Name Lookups.
[[0;32m  OK  [0m] Reached target User and Group Name Lookups.
[   36.625906] systemd[1]: Set up automount Arbitrary Executable File Formats File System Automount Point.
[[0;32m  OK  [0m] Set up automount Arbitrary Executab...ats File System Automount Point.
[   36.806498] systemd[1]: Reached target Encrypted Volumes.
[[0;32m  OK  [0m] Reached target Encrypted Volumes.
[   36.881595] systemd[1]: Listening on LVM2 metadata daemon socket.
[[0;32m  OK  [0m] Listening on LVM2 metadata daemon socket.
[   36.961910] systemd[1]: Starting Monitoring of LVM2 mirrors, snapshots etc. using dmeventd or progress polling...
         Starting Monitoring of LVM2 mirrors... dmeventd or progress polling...
[   37.070982] systemd[1]: Listening on udev Control Socket.
[[0;32m  OK  [0m] Listening on udev Control Socket.
[   37.122759] systemd[1]: Created slice User and Session Slice.
[[0;32m  OK  [0m] Created slice User and Session Slice.
[   37.193270] systemd[1]: Reached target Slices.
[[0;32m  OK  [0m] Reached target Slices.
[   37.229550] systemd[1]: Listening on Syslog Socket.
[[0;32m  OK  [0m] Listening on Syslog Socket.
[   37.281238] systemd[1]: Starting Load Kernel Modules...
         Startin[   37.319890] Loading iSCSI transport class v2.0-870.
g Load Kernel Modules...
[   37.388337] systemd[1]: Listening on Journal Socket (/dev/log).
[[0;32m  OK  [[   37.411519] iscsi: registered transport (tcp)
0m] Listening on Journal Socket (/dev/log).
[   37.465165] systemd[1]: Starting Journal Service...
         Startin[   37.490278] iscsi: registered transport (iser)
g Journal Service...
[   37.560495] systemd[1]: Mounted POSIX Message Queue File System.
[[0;32m  OK  [0m] Mounted POSIX Message Queue File System.
[   37.614248] systemd[1]: Mounted Debug File System.
[[0;32m  OK  [0m] Mounted Debug File System.
[   37.641869] systemd[1]: Mounted Huge Pages File System.
[[0;32m  OK  [0m] Mounted Huge Pages File System.
[   7.105] sysem[1: Started Journal Service.
[[0;32m  OK  [0m] Started Journal Service.
[[0;32m  OK  [0m] Started Remount Root and Kernel File Systems.
[[0;32m  OK  [0m] Started Create list of required sta...ce nodes for the current kernel.
[[0;32m  OK  [0m] Started Uncomplicated firewall.
[[0;32m  OK  [0m] Started Set console keymap.
[[0;32m  OK  [0m] Started Load Kernel Modules.
[[0;32m  OK  [0m] Started Nameserver information manager.
[[0;32m  OK  [0m] Started LVM2 metadata daemon.
         Mounting FUSE Control File System...
         Starting Apply Kernel Variables...
         Starting Create Static Device Nodes in /dev...
         Starting Initial cloud-init job (pre-networking)...
         Starting Load/Save Random Seed...
         Starting udev Coldplug all Devices...
         Starting Flush Journal to Persistent Storage...
[[0;32m  OK  [0m] Mounted FUSE Control File System.
[[0;32m  OK  [0m] Started Apply Kernel Variables.
[[0;32m  OK  [0m] Started Monitoring of LVM2 mirrors,...ng dmeventd or progress polling.
[[0;32m  OK  [0m] Started Create Static Device Nodes in /dev.
[[0;32m  OK  [0m] Started Load/Save Random Seed.
[[0;32m  OK  [0m] Started Flush Journal to Persistent Storage.
[[0;32m  OK  [0m] Started udev Coldplug all Devices.
         Starting udev Kernel Device Manager...
[[0;32m  OK  [0m] Started udev Kernel Device Manager.
[[0;32m  OK  [0m] Reached target Local File Systems (Pre).
[[0;32m  OK  [0m] Reached target Local File Systems.
         Starting LSB: AppArmor initialization...
         Starting Create Volatile Files and Directories...
         Starting Tell Plymouth To Write Out Runtime Data...
         Starting Set console font and keymap...
         Starting Commit a transient machine-id on disk...
[[0;32m  OK  [0m] Started Dispatch Password Requests to Console Directory Watch.
[[0;32m  OK  [0m] Started Create Volatile Files and Directories.
[[0;32m  OK  [0m] Started Tell Plymouth To Write Out Runtime Data.
[[0;32m  OK  [0m] Started Commit a transient machine-id on disk.
         Starting Update UTMP about System Boot/Shutdown...
[[0;32m  OK  [0m] Reached target System Time Synchronized.
[[0;32m  OK  [0m] Started Update UTMP about System Boot/Shutdown.
[[0;32m  OK  [0m] Found device /dev/ttyS0.
[   25.605876] [[0;32m  OK  [0m] Listening on Load/Save RF Kill Switch Status /dev/rfkill Watch.
cloud-init[448]: Cloud-init v. 17.1 running 'init-local' at Mon, 29 Jan 2018 16:21:59 +0000. Up 24.68 seconds.
[[0;32m  OK  [0m] Started Initial cloud-init job (pre-networking).
[[0;32m  OK  [0m] Started LSB: AppArmor initialization.
[[0;32m  OK  [0m] Reached target Network (Pre).
         Starting Raise network interfaces...
[[0;32m  OK  [0m] Started Set console font and keymap.
[[0;32m  OK  [0m] Created slice system-getty.slice.
[[0;32m  OK  [0m] Started Raise network interfaces.
         Starting Initial cloud-init job (metadata service crawler)...
[[0;32m  OK  [0m] Reached target Network.
[   29.529271] cloud-init[960]: Cloud-init v. 17.1 running 'init' at Mon, 29 Jan 2018 16:22:02 +0000. Up 28.44 seconds.
[   29.548743] cloud-init[960]: ci-info: ++++++++++++++++++++++++++++++++++++++Net device info++++++++++++++++++++++++++++++++++++++
[   29.637986] cloud-init[960]: ci-info: +--------+-------+----------------------------+---------------+-------+-------------------+
[   29.710462] cloud-init[960]: ci-info: | Device |   Up  |          Address           |      Mask     | Scope |     Hw-Address    |
[   29.779992] [cloud-init[0;32m  OK  [0m[960]: ] ci-info: +--------+-------+----------------------------+---------------+-------+-------------------+Started Initial cloud-init job (metadata service crawler).

[   29.781492] cloud-init[960]: ci-info: | enp0s3 |  True |         10.0.2.15          | 255.255.255.0 |   .   | 02:db:14:78:b4:e6 |
[   29.953051] [cloud-init[0;32m  OK  [0m[960]: ] ci-info: | enp0s3 |  True | fe80::db:14ff:fe78:b4e6/64 |       .       |  link | 02:db:14:78:b4:e6 |Reached target Cloud-config availability.

[   30.052730] cloud-init[960]: ci-info: | enp0s8 | False |             .              |       .       |   .   | 08:00:27:63:ae:58 |
[   30.128738] cloud-init[960]: ci-info: |   lo   |  True |         127.0.0.1          |   255.0.0.0   |   .   |         .         |
[[0;32m  OK  [0m] Reached target Network is Online.
[   30.130683] cloud-init[960]: ci-info: |   lo   |  True |          ::1/128           |       .       |  host |         .         |
[   30.211212]          cloud-initStarting iSCSI initiator daemon (iscsid)...[960]: 
ci-info: +--------+-------+----------------------------+---------------+-------+-------------------+
[   30.211862] cloud-init[960]: ci-info: +++++++++++++++++++++++++++Route IPv4 info++++++++++++++++++++++++++++
[[0;32m  OK  [0m] Reached target System Initialization.
[   30.281454] cloud-init[960]: ci-info: +-------+-------------+----------+---------------+-----------+-------+
[   30.437064] [cloud-init[0;32m  OK  [0m[960]: ] ci-info: | Route | Destination | Gateway  |    Genmask    | Interface | Flags |Started ACPI Events Check.

[   30.438456] cloud-init[960]: ci-info: +-------+-------------+----------+---------------+-----------+-------+
[[0;32m  OK  [0m] Reached target Paths.
[   30.500374]          cloud-initStarting Socket activation for snappy daemon.[960]: 
ci-info: |   0   |   0.0.0.0   | 10.0.2.2 |    0.0.0.0    |   enp0s3  |   UG  |
[   30.588656] [cloud-init[0;32m  OK  [0m[960]: ] ci-info: |   1   |   10.0.2.0  | 0.0.0.0  | 255.255.255.0 |   enp0s3  |   U   |Listening on D-Bus System Message Bus Socket.

[[0;32m  OK  [0m] Listening on UUID daemon activation socket.
[[0;32m  OK  [0m] Listening on ACPID Listen Socket.
[   30.589435] cloud-init[960]: ci-info: +-------+-------------+----------+---------------+-----------+-------+
[   30.900989] [cloud-init[0;32m  OK  [0m[960]: ] Generating public/private rsa key pair.Started Daily apt download activities.

[   30.901929] [cloud-init[0;32m  OK  [0m[960]: ] Your identification has been saved in /etc/ssh/ssh_host_rsa_key.Started Daily apt upgrade and clean activities.

[   31.108597] [cloud-init[0;32m  OK  [0m[960]: ] Your public key has been saved in /etc/ssh/ssh_host_rsa_key.pub.Started Daily Cleanup of Temporary Directories.

[   31.109397] [cloud-init[0;32m  OK  [0m[960]: ] The key fingerprint is:Started Timer to automatically refresh installed snaps.

[   31.211488] cloud-init[960]: SHA256:sW9Op+fP6ydbuB41iJODlcxMzHDabUPVSYjOBu/XNSw root@ubuntu-xenial
[[0;32m  OK  [0m] Reached target Timers.
[   31.212201]          cloud-initStarting LXD - unix socket.[960]: 
The key's randomart image is:
[   31.320527] cloud-init[960]: +---[RSA 2048]----+
[   31.368696] cloud-init[960]: |         .+o..+oo|
[[0;32m  OK  [0m] Listening on Socket activation for snappy daemon.
[[0;32m  OK  [0m] Listening on LXD - unix socket.
[   31.403422] cloud-init[960]: |         .O++. ..|
[   31.521362] cloud-init[960]: |        ..=B +.  |
[[0;32m  OK  [0m] Started iSCSI initiator daemon (iscsid).
[   31.564346] cloud-init[960]: |         oo=+Eoo.|
[   31.631455]          cloud-initStarting Login to default iSCSI targets...[960]: 
|        S.o= .o.+|
[   31.632325] [cloud-init[0;32m  OK  [0m[960]: ] |         . .o. +.|Reached target Sockets.

[   31.717050] [cloud-init[0;32m  OK  [0m[960]: ] |          + o o .|Reached target Basic System.

[   31.756549] [cloud-init[0;32m  OK  [0m[960]: ] |         + o...+.|Started Deferred execution scheduler.

[   31.799497] cloud-init         [960]: Starting /etc/rc.local Compatibility...|          oo.+O= |

[   31.828621] [cloud-init[960]: +----[SHA256]-----+
[0;32m  OK  [0m] Started D-Bus System Message Bus.
[   31.829541] cloud-init[960]: Generating public/private dsa key pair.
[   31.857903] cloud-init[960]: Your identification has been saved in /etc/ssh/ssh_host_dsa_key.
[   31.872420]          cloud-initStarting System Logging Service...[960]: 
Your public key has been saved in /etc/ssh/ssh_host_dsa_key.pub.
[   31.912452] [[0;32m  OK  [0m] Started ACPI event daemon.
cloud-init[960]: The key fingerprint is:
         Starting Accounts Service...
[   31.946419] cloud-init[960]: SHA256:Q8WOnnxw1g+51BTVQCFLPkMH6EYF4PHOlL3xQhkhvZM root@ubuntu-xenial
[[0;32m  OK  [0m] Started Regular background program processing daemon.
[   32.041856] cloud-init[960]: The key's randomart image is:
         Starting LSB: MD monitoring daemon...
[   32.073203] cloud-init[960]: +---[DSA 1024]----+
         Starting LSB: Record successful boot for GRUB...
[   32.133369] cloud-init[960]: |        oo+=O+*=o|
[[0;32m  OK  [0m] Started FUSE filesystem for LXC.
         Starting Login Service...
[[0;32m  OK  [0m] Started Unattended Upgrades Shutdown.
[   32.147843] cloud-init[960]: |       . ++B.*. .|
         Starting Pollinate to seed the pseudo random number generator...
[   32.167404] cloud-init[960]: |        o=+.X*   |
         Starting LXD - container startup/shutdown...
[   32.212621] cloud-init[960]: |       .o+*.E*.  |
         Starting Apply the settings specified in cloud-config...
[   32.261869] cloud-init[960]: |       oS*o.o=.  |
         Starting Snappy daemon...
[[0;32m  OK  [0m] Started System Logging Service.
[[0;32m  OK  [0m] Started /etc/rc.local Compatibility.
[[0;32m  OK  [0m] Started LXD - container startup/shutdown.
[   32.315785] cloud-init[960]: |        +.. ...  |
[   32.392883] cloud-init[960]: |         .       |
[   32.433614] cloud-init[960]: |                 |
[[0;32m  OK  [0m] Started Login to default iSCSI targets.
[[0;32m  OK  [0m] Started Snappy daemon.
[   32.473318] cloud-init[960]: |                 |
[   32.581021] cloud-init[960]: +----[SHA256]-----+
[   32.596949] cloud-init[960]: Generating public/private ecdsa key pair.
[   32.628496] cloud-init[960]: Your identification has been saved in /etc/ssh/ssh_host_ecdsa_key.
[   32.656828] cloud-init[960]: Your public key has been saved in /etc/ssh/ssh_host_ecdsa_key.pub.
[[0;32m  OK  [0m] Started LSB: MD monitoring daemon.
[[0;32m  OK  [0m] Started LSB: Record successful boot for GRUB.
[   32.673117] cloud-init[960]: The key fingerprint is:
[   32.720930] cloud-init[960]: SHA256:2u6/ZQ9MCD3vOxZJL34YqxVrrvzxuggA6R+Dt2edP6M root@ubuntu-xenial
[   32.750171] [[0;32m  OK  [0m] Started Pollinate to seed the pseudo random number generator.
cloud-init[960]: The key's randomart image is:
[   32.781836] cloud-init[960]: +---[ECDSA 256]---+
[   32.812810] cloud-init[960]: |                 |
[   32.813130] cloud-init[960]: |     .   .       |
[[0;32m  OK  [0m] Started Login Service.
[   32.813369] cloud-init[960]: |    o   . o      |
[   32.860588] cloud-init[960]: |   . o   . +.    |
[   32.861142] cloud-init[960]: |    o = S ..+o   |
         Starting Authenticate and Authorize Users to Run Privileged Tasks...
[   32.861368] cloud-init[960]: |     o B . ==o.  |
[   32.941375] cloud-init[960]: |      + = o.@*   |
[   32.941912] cloud-init[960]: |       + o OO*.  |
         Starting OpenBSD Secure Shell server...
[   32.942155] cloud-init[960]: |       .o.EBBBo  |
[[0;32m  OK  [0m] [   32.996264] cloud-init[960]: +----[SHA256]-----+
[   32.996708] cloud-init[960]: Generating public/private ed25519 key pair.
[   32.997571] cloud-init[960]: Your identification has been saved in /etc/ssh/ssh_host_ed25519_key.
Reached target Remote File Systems (Pre).
[   32.998334] cloud-init[960]: Your public key has been saved in /etc/ssh/ssh_host_ed25519_key.pub.
[   33.035722] cloud-init[960]: The key fingerprint is:
[[0;32m  OK  [0m] Reached target Remote File Systems.
[   33.036584] cloud-init[960]: SHA256:KeJQQLYE74Qp4AzxARW1Dsoz5kqrqZroKMowQt8KCxc root@ubuntu-xenial
[   33.094539] cloud-init[960]: The key's randomart image is:
         Starting LSB: VirtualBox Linux Additions...
[   33.095166] cloud-init[960]: +--[ED25519 256]--+
[   33.103166] cloud-init[960]: |**Oo.            |
         Starting Permit User Sessions...
[   33.105044] cloud-init[960]: |=B + .           |
         Starting LSB: daemon to balance interrupts for SMP systems...
[   33.115884] cloud-init[960]: |+o* o            |
[   33.124575] cloud-init[960]: |o+ +     .       |
[   33.128408] cloud-init[960]: |.*E o . S        |
[   33.129053] cloud-init[960]: |+ ++.. .         |
         Starting LSB: Set the CPU Frequency Scaling governor to "ondemand"...
[   33.134043] cloud-init[960]: |=+....           |
         Starting LSB: automatic crash report generation...
[   33.282316] cloud-init[960]: |@=+ .            |
[[0;32m  OK  [0m] Started OpenBSD Secure Shell server.
[[0;32m  OK  [0m] Started Permit User Sessions.
[[0;32m  OK  [0m] Started Authenticate and Authorize Users to Run Privileged Tasks.
[   33.359150] cloud-init[[0;32m  OK  [0m] Started Accounts Service.
[960]: |^= .             |
[   33.524737] [cloud-init[0;32m  OK  [0m[960]: ] +----[SHA256]-----+Created slice User Slice of vagrant.

[[0;32m  OK  [0m] Started Session 1 of user vagrant.
         Starting User Manager for UID 1000...
         Starting Hold until boot process finishes up...
         Starting Terminate Plymouth Boot Screen...
[   33.602656] cloud-init[1137]: Generating locales (this might take a while)...
[[0;32m  OK  [0m] Started User Manager for UID 1000.
[[0;32m  OK  [0m] Started LSB: VirtualBox Linux Additions.
[[0;32m  OK  [0m] Started LSB: daemon to balance interrupts for SMP systems.
[[0;32m  OK  [0m] Started LSB: Set the CPU Frequency Scaling governor to "ondemand".
[[0;32m  OK  [0m] Started Hold until boot process finishes up.
[[0;32m  OK  [0m] Started Terminate Plymouth Boot Screen.
[[0;32m  OK  [0m] Started LSB: automatic crash report generation.
         Starting Set console scheme...
[[0;32m  OK  [0m] Started Getty on tty1.
[[0;32m  OK  [0m] Started Serial Getty on ttyS0.
[[0;32m  OK  [0m] Reached target Login Prompts.
[[0;32m  OK  [0m] Reached target Multi-User System.
[[0;32m  OK  [0m] Reached target Graphical Interface.
         Starting Update UTMP about System Runlevel Changes...
[[0;32m  OK  [0m] Started Set console scheme.
[[0;32m  OK  [0m] Started Update UTMP about System Runlevel Changes.
[   34.484663] cloud-init[1137]:   en_US.UTF-8... done
[   34.524717] cloud-init[1137]: Generation complete.
[   35.047811] cloud-init[1137]: Cloud-init v. 17.1 running 'modules:config' at Mon, 29 Jan 2018 16:22:07 +0000. Up 33.30 seconds.
[[0;32m  OK  [0m] Started Apply the settings specified in cloud-config.
         Starting Execute cloud user/final scripts...
ci-info: no authorized ssh keys fingerprints found for user ubuntu.
<14>Jan 29 16:22:10 ec2: 
<14>Jan 29 16:22:10 ec2: #############################################################
<14>Jan 29 16:22:10 ec2: -----BEGIN SSH HOST KEY FINGERPRINTS-----
<14>Jan 29 16:22:10 ec2: 1024 SHA256:Q8WOnnxw1g+51BTVQCFLPkMH6EYF4PHOlL3xQhkhvZM root@ubuntu-xenial (DSA)
<14>Jan 29 16:22:10 ec2: 256 SHA256:2u6/ZQ9MCD3vOxZJL34YqxVrrvzxuggA6R+Dt2edP6M root@ubuntu-xenial (ECDSA)
<14>Jan 29 16:22:10 ec2: 256 SHA256:KeJQQLYE74Qp4AzxARW1Dsoz5kqrqZroKMowQt8KCxc root@ubuntu-xenial (ED25519)
<14>Jan 29 16:22:10 ec2: 2048 SHA256:sW9Op+fP6ydbuB41iJODlcxMzHDabUPVSYjOBu/XNSw root@ubuntu-xenial (RSA)
<14>Jan 29 16:22:10 ec2: -----END SSH HOST KEY FINGERPRINTS-----
<14>Jan 29 16:22:10 ec2: #############################################################
-----BEGIN SSH HOST KEY KEYS-----
ecdsa-sha2-nistp256 AAAAE2VjZHNhLXNoYTItbmlzdHAyNTYAAAAIbmlzdHAyNTYAAABBBPJCxa8tb27lFu31CvAi8Tvs5faIb3J+KStCWT5hj6b5cXYuCf/uIZnqr48uvlaOrO/DMbuiKT0vl5RhQshrSbw= root@ubuntu-xenial
ssh-ed25519 AAAAC3NzaC1lZDI1NTE5AAAAIKKI4xNwXeriOet6pkPUDJ6wdNDCr7byhJAmjT95iUmd root@ubuntu-xenial
ssh-rsa AAAAB3NzaC1yc2EAAAADAQABAAABAQDzVyhQwk+9H1+jyt3PPq+mUR6nIlARBe1foy8om7+SfwaTqJ1FOySaOK5mNFM3v0drmqP/6QZYdTy8S1+Z8UOGjIsDJdaJibmkKSlazEbrvR7/Eq4lWER/0OCmkUY/1OihRF4PcnQt93hywKNLw0BrBU0dyGgKFuBIgp77dPCaE3NaCHK4VW36W4ocgjFauuiIOobcOGTvLhNoWJ5V/FPCvbR/t2giCUgKftIG05t9Bb4K7ODqRqZLZVKconzMFycpJSOeMLDa5jiaiqmg17yVKGzdq+i6Ofvj/TKcTv/T9xv6pShjiYQBcMk5zPjh55Ay+FcBg4/9rc5+jmWOFpdz root@ubuntu-xenial
-----END SSH HOST KEY KEYS-----
         Stopping User Manager for UID 1000...
[[0;32m  OK  [0m] Stopped User Manager for UID 1000.
[[0;32m  OK  [0m] Removed slice User Slice of vagrant.
[   36.199778] cloud-init[1413]: Cloud-init v. 17.1 running 'modules:final' at Mon, 29 Jan 2018 16:22:09 +0000. Up 35.51 seconds.
[   36.222041] cloud-init[1413]: ci-info: no authorized ssh keys fingerprints found for user ubuntu.
[   36.224881] cloud-init[1413]: Cloud-init v. 17.1 finished at Mon, 29 Jan 2018 16:22:10 +0000. Datasource DataSourceNoCloud [seed=/dev/sdb][dsmode=net].  Up 36.14 seconds
[[0;32m  OK  [0m] Started Execute cloud user/final scripts.
[[0;32m  OK  [0m] Reached target Cloud-init target.

Ubuntu 16.04.3 LTS ubuntu-xenial ttyS0

ubuntu-xenial login: 