[  0.0000 Iitlizing cgroup subys cpuset
[    0.000000] Initializing cgroup subsys cpu
[    0.000000] Initializing cgroup subsys cpuacct
[    0.000000] Linux version 4.4.0-112-generic (buildd@lgw01-amd64-010) (gcc version 5.4.0 20160609 (Ubuntu 5.4.0-6ubuntu1~16.04.5) ) #135-Ubuntu SMP Fri Jan 19 11:48:36 UTC 2018 (Ubuntu 4.4.0-112.135-gneric4.4.98)
   0.0000 Command lin: OT_IAG/boot/mluz-4.40-2-genicrootLAL=cloudg-oofsro console=y1console=ttyS0
[    0.000] KERELupported cpus:
[    0.000000]   Intel GenuineIntel
[    0.000000]   AMD AuthenticAMD
[    0.000000]   Centaur CentaurHauls
[    0.000000] x86/fpu: xstate_offset[2]:  576, xstate_sizes[2]:  256
[    0.000000] x86/fpu: Supporting XSAVE feature 0x01: 'x87 floating point registers'
[    0.000000] x86/fpu: Supporting XSAVE feature 0x02: 'SSE registers'
[    0.000000] x86/fpu: Supporting XSA feature 0x04: 'AVX registers'
[    0.000000] x86/fpu: Enabledxsat featur 0x7,coext size is 832 bytes using 'standard' format.
[    0.000000] x86/fpu: Using 'lazy' FPU context switches.
[    0.000000] e820: BIOS-provided physical RAM map:
[    0.000000] BIOS-e820: [mem 0x00000000000000000x0000000009fbf] able
[  0.000] BIOe80: [emx000000000009fc00-0x000000000009ffff] reserved
[    0.000000] BIOS-e820: [mem 0x00000000000f0000-0x00000000000fffff] reserved
[    0.000000] BIOS-e820: [mem 0x0000000000100000-0x000000003ffeffff] usable
[    0.000000] BIOS-e820: [mem 0x000000003fff0000-0x000000003fffffff] ACPI data
[    0.000000] BIOS-e820: [mem 0x00000000fec00000-0x0000000ec00ff]reservd[   0.0000] BIOS-e820: [mem 0x00000000fee00000-0x00000000fee00fff] reserved
[    0.000000] BIOS-e820: [mem 0x00000000fffc0000-0x00000000ffffffff] reserved
[    0.000000] NX (Execute Disable) protection: active
[    0.000000] SMBIOS 2.5 present.
[    0.000000] Hypervisor detected: KVM
[    0.000000] e820: last_pfn = 0x3fff0 max_arch_pfn = 0x400000000
[    0.000000] MTRR: Disabled
[    0.000000] x86/PAT: MTRRs disabled, skipping PAT initialization too.
[    0.000000] CPU MTRs ll blank - vrtalized sstm.
  0.0000 x86/PT:Confgution [07]WB  T C- UC  B WT UC- UC 
[    00000]fod SMPMPable at[me 00009ff0x0009ff mapped at[ff88000009fff0]
[    0.000000] Scanning 1 areas for low mmory orption
  0.00000RAMDISK: em0x36adc000-0x75fff]
[   .00000ACPI: Early tabl checksum verfiatiodiabled
  0.00000] ACPI RSDP 000000000E000 0002 (v02 VBOX  
    0.0000] ACP: DT 0x00000000FF0030 000 (v0 VX   VBXXT 00000001 ASL  0000061
[    0.00000] PI: FCPx00000003F00F0 00004 v04 VBX  VBOFA 00000001 ASL  00061)
[    0.000000] ACPI: DSDT 0x000000003FFF0470 0021FF (v02 VBOX   VBOXBIOS 00000002 INTL 20100528)
[    0.000000] ACPI: FACS 0x000000003FFF0200 000040
[    0.000000] ACPI: FAS 0x00000003FFF0200000040
[   0.00000] APIAPIC 00000003FF24000005C (v02BO   OXPIC000001 ASL  00000061)
[    0.000000] ACPI: SSDT 0x000000003FFF02A0 0001CC (v01 VBOX   VBOXCPUT 00000002 INTL 20100528)
[    0.000000] No NUMA configuration found
[    0.000000] Faking a node at [mem 0x0000000000000000-0x000000003ffeffff]
[    0.000000] NODE_DATA(0) allocated [mem 0x3ffeb000-0x3ffeffff]
[    0.000000] kvm-clock: Using msrs 4b564d01 and 4b564d00
[    0.000000] kvm-clock: cpu 0, msr 0:3ffe3001, primary cpu clock
[    0.000000] kvm-clock: using sched offset of 3133472538 cycles
[    0.000000] clocksource: kvm-clock: mask: 0xffffffffffffffff max_cycles: 0x1cd42e4dffb, max_idle_ns: 881590591483 ns
[    0.000000] Zone ranges:
[    0.000000]   DMA      [mem 0x0000000000001000-0x0000000000ffffff]
[   0.0000]   DMA2    [mem 0x0000000001000000-0x000000003ffeffff]
[    0.000000]   Normal   empty
[    0.000000]   Device   empty
[    0.000000] Movable zone start for each node
[    0.000000] Early memory node ranges
[    0.000000]   node   0: [mem 0x0000000000001000-0x000000000009efff]
[    0.000000]   node   0: [mem 0x0000000000100000-0x000000003ffeffff]
[    0.000000] Initmem setup node 0 [mem 0x0000000000001000-0x000000003ffeffff]
[    0.000000] ACPI: PM-Timer IO Port: 0x4008
[    0.000000] IOAPIC[0]: apic_id 2, version 32, addres 0ec0000, I 0-23
  0.000000] API: INTRC_OR us 0buirq 0 glol_rq 2dfdfl)
[    0.000000] API INTSROVR (bus0 s_irq 9 global_irq 9 low level)
[    0.000000] Using ACPI (MADT) for SMP configuration information
[    0.000000] smpboot: Alowng 2 CUs0 holu CPUs
[  0000000] PM: Registered nosave memory: [mem 0x00000000-0x00000fff]
    00000] P: gistrenosave memry [mem0x00f000-x09ffff]
   0.0000] PM: Registered nosave memory: [mem 0x000a0000-0x000effff]
[    0.000000] PM: Registered nosave memory: [mem 0x000f0000-0x000fffff]
[    0.000000] e820: [mem 0x40000000-0xfebfffff] available for PCI devices
[    0.000000] Booting paravirtualized kernel on KVM
[    0.000000] clocksource: refined-jiffies: mask: 0xffffffff max_cycles: 0xffffffff, max_idle_ns: 7645519600211568 ns
[    0.000000] setup_percpu NCPUS:512 r_cpumask_bits:512 nr_cpu_ids:2 nr_node_ids:1
[    0.000000 PRCPU: Embedd 4 pages/cpu @ffff88003fc00000 s99544 r8192 d31528 u1048576
[    0.000000] PV qspinlock hash table entries: 256 (order: 0, 4096 bytes)
[    0.000000Built zneltsin Node order, mobility grouping on.  Total pages: 257913
[    0.000000] Policy zone: DMA3
[   0.000] Kernel commnd line: OO_IMAGE=/boo/vinuz4.0-112-generirot=LABEL=cloudimg-rootfs ro console=tty1 console=ttyS0
[    0.000000] PID hash table entries: 4096 (order: 3, 32768 bytes)
[    0.000000] Memory: 1001740K/1048120K available (8499K kernel code, 1309K rwdat 3988K rota 1508K init, 131K bss, 463K reserved, 0K cma-esved)
[  0000000] SLUB: HWaliggn=6 Order=0-3, Minbjcts=0, PU2, Nodes1
[    0.000000] KernelUs pag tles iolion: enbl
[    0.000] Hiearical RCUimlementin.
[   000000] 	ui-time adjustment f lef noutto4.
[  0000000]	R restrictngPUs rom NR_CPUS=512 to nr_cpu_ids=2.
[    0.00000] RU: Adjusing geometry for rcu_fanout_leaf=64, nr_cpu_ids=2
[    0.000000] NR_IRQS:33024 nr_irqs:440 16
[    0.000000] Console: colour VGA+ 80x25
[    0.000000] console [tty1] ennabl
    0.000000] consol [yS0] abed
[    0.000000] tsc: Detected 1599.999 MHz processor
[    9.584765] Calibrating delay loop (skipped) preset value.. 3199.99 BogoMIPS (lpj=6399996)
[    9.717699] pid_max: default: 32768 minimum: 301
[    9.781174] ACPI: Core revision 20150930
[    9.783207] ACPI: 2 ACPI AML tables successfully acquired and loaded
[    9.784998] Security Framework initialized
[    9.848316] Yama: becoming mindful.
[    9.891324] AppArmor: AppArmor initialized
[    9.965935] Dentry cache hash table entries: 131072 (order: 8, 1048576 bytes)
[   10.058722] Inode-cache hash table entries: 65536 (order: 7, 524288 bytes)
[   10.156986] Mount-cache hash table entries: 2048 (order: 2, 16384 bytes)
[   10.158677] Mountpoint-cache hash table entries: 2048 (order: 2, 16384 bytes)
[   10.280763] Initializing cgroup subsys io
[   10.314059] Initializing cgroup subsys memory
[   10.321523] Initializing cgroup subsys devices
[   10.328629] Initializing cgroup subsys freezer
[   10.367572] Initializing cgroup subsys net_cls
[   10.412429] Initializing cgroup subsys perf_event
[   10.472359] Initializing cgroup subsys net_prio
[   10.540236] Initializing cgroup subsys hugetlb
[   10.596096] Initializing cgroup subsys pids
[   10.668813] CPU: Physical Processor ID: 0
[   10.732060] CPU: Processor Core ID: 0
[   10.784742] FEATURE SPEC_CTRL Not Present
[   10.858553] mce: CPU supports 0 MCE banks
[   10.924210] Last level iTLB entries: 4KB 64, 2MB 8, 4MB 8
[   11.008001] Last level dTLB entries: 4KB 64, 2MB 0, 4MB 0, 1GB 4
[   11.060469] Freeing SMP alternatives memory: 32K
[   11.144560] ftrace: allocating 32180 entries in 126 pages
[   11.204554] smpboot: APIC(0) Converting physical 0 to logical package 0
[   11.317651] smpboot: Max logical packages: 1
[   11.396339] x2apic enabled
[   11.426608] Switched APIC routing to physical x2apic.
[   11.441697] ..TIMER: vector=0x30 apic1=0 pin1=2 apic2=-1 pin2=-1
[   11.555497] smpboot: CPU0: Intel(R) Core(TM) i5-5250U CPU @ 1.60GHz (family: 0x6, model: 0x3d, stepping: 0x4)
[   11.710426] Performance Events: unsupported p6 CPU model 61 no PMU driver, software events only.
[   11.860174] KVM setup paravirtual spinlock
[   11.894323] x86: Booting SMP configuration:
[   11.895453] .... node  #0, CPUs:      #1
[   11.897756] kvm-clock: cpu 1, msr 0:3ffe3041, secondary cpu clock
[   11.909191] mce: CPU supports 0 MCE banks
[   11.911987] x86: Booted up 1 node, 2 CPUs
[   11.956613] smpboot: Total of 2 processors activated (6399.99 BogoMIPS)
[   12.026730] devtmpfs: initialized
[   12.082060] evm: security.selinux
[   12.117989] evm: security.SMACK64
[   12.157387] evm: security.SMACK64EXEC
[   12.201615] evm: security.SMACK64TRANSMUTE
[   12.247872] evm: security.SMACK64MMAP
[   12.288784] evm: security.ima
[   12.325690] evm: security.capability
[   12.364780] clocksource: jiffies: mask: 0xffffffff max_cycles: 0xffffffff, max_idle_ns: 7645041785100000 ns
[   12.470279] futex hash table entries: 512 (order: 3, 32768 bytes)
[   12.479003] pinctrl core: initialized pinctrl subsystem
[   12.497867] RTC time: 16:44:54, date: 01/29/18
[   12.529803] NET: Registered protocol family 16
[   12.607607] cpuidle: using governor ladder
[   12.667886] cpuidle: using governor menu
[   12.717662] PCCT header not found.
[   12.757471] ACPI: bus type PCI registered
[   12.800319] acpiphp: ACPI Hot Plug PCI Controller Driver version: 0.5
[   12.868476] PCI: Using configuration type 1 for base access
[   12.946206] ACPI: Added _OSI(Module Device)
[   12.993747] ACPI: Added _OSI(Processor Device)
[   13.044557] ACPI: Added _OSI(3.0 _SCP Extensions)
[   13.050293] ACPI: Added _OSI(Processor Aggregator Device)
[   13.052419] ACPI: Executed 1 blocks of module-level executable AML code
[   13.056079] ACPI: Interpreter enabled
[   13.057088] ACPI: (supports S0 S5)
[   13.058027] ACPI: Using IOAPIC for interrupt routing
[   13.093927] PCI: Using host bridge windows from ACPI; if necessary, use "pci=nocrs" and report a bug
[   13.100452] ACPI: PCI Root Bridge [PCI0] (domain 0000 [bus 00-ff])
[   13.177856] acpi PNP0A03:00: _OSC: OS supports [ASPM ClockPM Segments MSI]
[   13.260838] acpi PNP0A03:00: _OSC: not requesting OS control; OS requires [ExtendedConfig ASPM ClockPM MSI]
[   13.391145] acpi PNP0A03:00: fail to add MMCONFIG information, can't access extended PCI configuration space under this bridge.
[   13.504999] PCI host bridge to bus 0000:00
[   13.549954] pci_bus 0000:00: root bus resource [io  0x0000-0x0cf7 window]
[   13.606722] pci_bus 0000:00: root bus resource [io  0x0d00-0xffff window]
[   13.682106] pci_bus 0000:00: root bus resource [mem 0x000a0000-0x000bffff window]
[   13.700693] pci_bus 0000:00: root bus resource [mem 0x40000000-0xfdffffff window]
[   13.707365] pci_bus 0000:00: root bus resource [bus 00-ff]
[   13.752379] pci 0000:00:01.1: legacy IDE quirk: reg 0x10: [io  0x01f0-0x01f7]
[   13.790021] pci 0000:00:01.1: legacy IDE quirk: reg 0x14: [io  0x03f6]
[   13.825567] pci 0000:00:01.1: legacy IDE quirk: reg 0x18: [io  0x0170-0x0177]
[   13.901580] pci 0000:00:01.1: legacy IDE quirk: reg 0x1c: [io  0x0376]
[   13.988810] pci 0000:00:07.0: quirk: [io  0x4000-0x403f] claimed by PIIX4 ACPI
[   14.082720] pci 0000:00:07.0: quirk: [io  0x4100-0x410f] claimed by PIIX4 SMB
[   14.179727] ACPI: PCI Interrupt Link [LNKA] (IRQs 5 9 10 *11)
[   14.253058] ACPI: PCI Interrupt Link [LNKB] (IRQs 5 9 *10 11)
[   14.310185] ACPI: PCI Interrupt Link [LNKC] (IRQs 5 *9 10 11)
[   14.373219] ACPI: PCI Interrupt Link [LNKD] (IRQs 5 9 10 *11)
[   14.448732] ACPI: Enabled 2 GPEs in block 00 to 07
[   14.510388] vgaarb: setting as boot device: PCI:0000:00:02.0
[   14.549537] vgaarb: device added: PCI:0000:00:02.0,decodes=io+mem,owns=io+mem,locks=none
[   14.551970] vgaarb: loaded
[   14.572332] vgaarb: bridge control possible 0000:00:02.0
[   14.636715] SCSI subsystem initialized
[   14.675486] ACPI: bus type USB registered
[   14.715941] usbcore: registered new interface driver usbfs
[   14.780022] usbcore: registered new interface driver hub
[   14.801535] usbcore: registered new device driver usb
[   14.847630] PCI: Using ACPI for IRQ routing
[   14.873863] NetLabel: Initializing
[   14.908722] NetLabel:  domain hash size = 128
[   14.961769] NetLabel:  protocols = UNLABELED CIPSOv4
[   15.024483] NetLabel:  unlabeled traffic allowed by default
[   15.088527] amd_nb: Cannot enumerate AMD northbridges
[   15.133914] clocksource: Switched to clocksource kvm-clock
[   1.295 AArr:ppmoFisyteEnled
[ 15.80668pn: nPCPin
  6.28] p:nPCP fnd dic
[   16.773761] clocksource: acpi_pm: mask: 0xffffff max_cycles: 0xffffff, max_idle_ns: 2085701024 ns
[   16.996761] NET: Registered protocol family 2
[   17.040185] TCP established hash table entries: 8192 (order: 4, 65536 bytes)
[   17.051762] TCP bind hash table entries: 8192 (order: 5, 131072 bytes)
[   17.072106] TCP: Hash tables configured (established 8192 bind 8192)
[   17.083424] UDP hash table entries: 512 (order: 2, 16384 bytes)
[   17.104054] UDP-Lite hash table entries: 512 (order: 2, 16384 bytes)
[   17.114933] NET: Registered protocol family 1
[   17.142083] pci 0000:00:00.0: Limiting direct PCI/PCI transfers
[   17.236816] pci 0000:00:01.0: Activating ISA DMA hang workarounds
[   17.319733] Unpacking initramfs...
[   19.398209] Freeing initrd memory: 10792K
[   19.486515] RAPL PMU detected, API unit is 2^-32 Joules, 4 fixed counters 10737418240 ms ovfl timer
[   19.675667] hw unit of domain pp0-core 2^-0 Joules
[   19.687445] hw unit of domain package 2^-0 Joules
[   19.738280] hw unit of domain dram 2^-0 Joules
[   19.849905] hw unit of domain pp1-gpu 2^-0 Joules
[   19.899935] platform rtc_cmos: registered platform RTC device (no PNP device found)
[   19.98286]cainfolomeryoruptonve 6send

[   20.721906] audit: initializing netlink subsys (disabled)
[   20.774595] audit: type=2000 audit(1517244293.059:1): initialized
[   20.845413] Initialise system trusted keyring
[   20.893633] HugeTLB registered 2 MB page size, pre-allocated 0 pages
[   0.942843]ts Rin T cckur cibti: 599.554 MH
[   20.9957 zd:oad
[   21.60437] FSDi qtadqt_6.

[   21.604412] VFS: Dquot-cache hash table entries: 512 (order 0, 4096 bytes)
[   21.604679] squashfs: version 4.0 (2009/01/31) Phillip Lougher
[   21.604930] fuse init (API version 7.23)
[   21.605064] Key type big_key registered
[   21.605090] Allocating IMA MOK and blacklist keyrings.
[   21.605291] Key type asymmetric registered
[   21.605297] Asymmetric key parser 'x509' registered
[   21.605333] Block layer SCSI generic (bsg) driver version 0.4 loaded (major 249)
[   21.605361] io scheduler noop registered
[   21.605363] io scheduler deadline registered (default)
[   21.605392] io scheduler cfq registered
[   21.605497] pci_hotplug: PCI Hot Plug PCI Core version: 0.5
[   21.605502] pciehp: PCI Express Hot Plug Controller Driver version: 0.4
[   21.606087] ACPI: AC Adapter [AC] (off-line)
[   21.606193] input: Power Button as /devices/LNXSYSTM:00/LNXPWRBN:00/input/input0
[   21.606198] ACPI: Power Button [PWRF]
[   21.606330] input: Sleep Button as /devices/LNXSYSTM:00/LNXSLPBN:00/input/input1
[   21.606334] ACPI: Sleep Button [SLPF]
[   21.606587] GHES: HEST is not enabled!
[   21.606734] Serial: 8250/16550 driver, 32 ports, IRQ sharing enabled
[   21.882049] 00:02: ttyS0 at I/O 0x3f8 (irq = 4, base_baud = 115200) is a 16550A
[   22.304969] Linux agpgart interface v0.103
[   22.330996] loop: module loaded
[   22.331573] scsi host0: ata_piix
[   22.331632] scsi host1: ata_piix
[   22.331664] ata1: PATA max UDMA/33 cmd 0x1f0 ctl 0x3f6 bmdma 0xd000 irq 14
[   22.331665] ata2: PATA max UDMA/33 cmd 0x170 ctl 0x376 bmdma 0xd008 irq 15
[   22.331738] libphy: Fixed MDIO Bus: probed
[   22.331740] tun: Universal TUN/TAP device driver, 1.6
[   22.331740] tun: (C) 1999-2004 Max Krasnyansky <maxk@qualcomm.com>
[   22.331776] PPP generic driver version 2.4.2
[   22.331823] ehci_hcd: USB 2.0 'Enhanced' Host Controller (EHCI) Driver
[   22.331826] ehci-pci: EHCI PCI platform driver
[   22.331842] ehci-platform: EHCI generic platform driver
[   22.331850] ohci_hcd: USB 1.1 'Open' Host Controller (OHCI) Driver
[   22.331853] ohci-pci: OHCI PCI platform driver
[   22.331861] ohci-platform: OHCI generic platform driver
[   22.331868] uhci_hcd: USB Universal Host Controller Interface driver
[   22.331921] i8042: PNP: PS/2 Controller [PNP0303:PS2K,PNP0f03:PS2M] at 0x60,0x64 irq 1,12
[   22.333315] ACPI: Battery Slot [BAT0] (battery present)
[   22.394888] serio: i8042 KBD port at 0x60,0x64 irq 1
[   22.394895] serio: i8042 AUX port at 0x60,0x64 irq 12
[   22.395038] mousedev: PS/2 mouse device common for all mice
[   22.395372] rtc_cmos rtc_cmos: rtc core: registered rtc_cmos as rtc0
[   22.395435] rtc_cmos rtc_cmos: alarms up to one day, 114 bytes nvram
[   22.395441] i2c /dev entries driver
[   22.395500] device-mapper: uevent: version 1.0.3
[   22.395555] device-mapper: ioctl: 4.34.0-ioctl (2015-10-28) initialised: dm-devel@redhat.com
[   22.395575] ledtrig-cpu: registered to indicate activity on CPUs
[   22.395856] NET: Registered protocol family 10
[   22.396014] NET: Registered protocol family 17
[   22.396060] Key type dns_resolver registered
[   22.446446] microcode: CPU0 sig=0x306d4, pf=0x40, revision=0x0
[   22.446525] microcode: CPU1 sig=0x306d4, pf=0x40, revision=0x0
[   22.446571] microcode: Microcode Update Driver: v2.01 <tigran@aivazian.fsnet.co.uk>, Peter Oruba
[   22.446697] registered taskstats version 1
[   22.446711] Loading compiled-in X.509 certificates
[   22.447411] Loaded X.509 cert 'Build time autogenerated kernel key: 4c603087bab8f0a02cb3b4e1fb4c40f507e71ef1'
[   22.447431] zswap: loaded using pool lzo/zbud
[   22.449474] Key type trusted registered
[   22.452892] Key type encrypted registered
[   22.452900] AppArmor: AppArmor sha1 policy hashing enabled
[   22.452904] ima: No TPM chip found, activating TPM-bypass!
[   22.452922] evm: HMAC attrs: 0x1
[   22.453238]   Magic number: 2:530:743
[   22.453723] rtc_cmos rtc_cmos: setting system clock to 2018-01-29 16:45:04 UTC (1517244304)
[   22.453838] BIOS EDD facility v0.16 2004-Jun-25, 0 devices found
[   22.453839] EDD information not available.
[   22.476653] input: AT Translated Set 2 keyboard as /devices/platform/i8042/serio0/input/input2
[   25.279659] clocksource: tsc: mask: 0xffffffffffffffff max_cycles: 0x170e7f92733, max_idle_ns: 440795222545 ns
[   25.561145] Freeing unused kernel memory: 1508K
[   25.656221] Write protecting the kernel read-only data: 14336k
[   25.817069] Freeing unused kernel memory: 1728K
[   25.878965] Freeing unused kernel memory: 108K
Loading, please wait...
starting version[   25.989217] random: systemd-udevd: uninitialized urandom read (16 bytes read, 7 bits of entropy available)
 229
[   25.990618] random: udevadm: uninitialized urandom read (16 bytes read, 7 bits of entropy available)
[   25.990661] random: udevadm: uninitialized urandom read (16 bytes read, 7 bits of entropy available)
[   26.008704] random: udevadm: uninitialized urandom read (16 bytes read, 7 bits of entropy available)
[   26.008794] random: udevadm: uninitialized urandom read (16 bytes read, 7 bits of entropy available)
[   26.009101] random: udevadm: uninitialized urandom read (16 bytes read, 7 bits of entropy available)
[   26.009216] random: udevadm: uninitialized urandom read (16 bytes read, 7 bits of entropy available)
[   26.009333] random: udevadm: uninitialized urandom read (16 bytes read, 7 bits of entropy available)
[   26.009458] random: udevadm: uninitialized urandom read (16 bytes read, 7 bits of entropy available)
[   26.009628] random: udevadm: uninitialized urandom read (16 bytes read, 7 bits of entropy available)
[   27.207392] e1000: Intel(R) PRO/1000 Network Driver - version 7.3.21-k8-NAPI
[   27.244231] e1000: Copyright (c) 1999-2006 Intel Corporation.
[   27.279131] Fusion MPT base driver 3.04.20
[   27.282739] Copyright (c) 1999-2008 LSI Corporation
[   27.293187] AVX2 version of gcm_enc/dec engaged.
[   27.310654] AES CTR mode by8 optimization enabled
[   27.319522] Fusion MPT SPI Host driver 3.04.20
[   27.517874] input: ImExPS/2 Generic Explorer Mouse as /devices/platform/i8042/serio1/input/input4
[   27.668500] e1000 0000:00:03.0 eth0: (PCI:33MHz:32-bit) 02:db:14:78:b4:e6
[   27.727128] e1000 0000:00:03.0 eth0: Intel(R) PRO/1000 Network Connection
[   28.306729] e1000 0000:00:08.0 eth1: (PCI:33MHz:32-bit) 08:00:27:79:13:0a
[   28.387546] e1000 0000:00:08.0 eth1: Intel(R) PRO/1000 Network Connection
[   28.459678] mptbase: ioc0: Initiating bringup
[   28.577510] e1000 0000:00:08.0 enp0s8: renamed from eth1
[   28.602658] e1000 0000:00:03.0 enp0s3: renamed from eth0
[   28.670668] ioc0: LSI53C1030 A0: Capabilities={Initiator}
[   29.679882] scsi host2: ioc0: LSI53C1030 A0, FwRev=00000000h, Ports=1, MaxQ=256, IRQ=20
[   30.447539] floppy0: no floppy controllers found
[   30.566825] scsi 2:0:0:0: Direct-Access     VBOX     HARDDISK         1.0  PQ: 0 ANSI: 5
[   30.669537] scsi target2:0:0: Beginning Domain Validation
[   30.769329] scsi target2:0:0: Domain Validation skipping write tests
[   30.771784] scsi target2:0:0: Ending Domain Validation
[   30.773021] scsi target2:0:0: asynchronous
[   30.774918] scsi 2:0:1:0: Direct-Access     VBOX     HARDDISK         1.0  PQ: 0 ANSI: 5
[   30.867166] scsi target2:0:1: Beginning Domain Validation
[   30.972330] scsi target2:0:1: Domain Validation skipping write tests
[   31.060581] scsi target2:0:1: Ending Domain Validation
[   31.216362] scsi target2:0:1: asynchronous
[   31.338797] sd 2:0:0:0: [sda] 20971520 512-byte logical blocks: (10.7 GB/10.0 GiB)
[   31.338903] sd 2:0:0:0: Attached scsi generic sg0 type 0
[   31.339547] sd 2:0:1:0: Attached scsi generic sg1 type 0
[   31.344005] sd 2:0:1:0: [sdb] 20480 512-byte logical blocks: (10.5 MB/10.0 MiB)
[   31.344268] sd 2:0:0:0: [sda] Write Protect is off
[   31.344353] sd 2:0:0:0: [sda] Incomplete mode parameter data
[   31.344354] sd 2:0:0:0: [sda] Assuming drive cache: write through
[   31.479159]  sda: sda1
[   31.480014] sd 2:0:0:0: [sda] Attached SCSI disk
[   31.608226] sd 2:0:1:0: [sdb] Write Protect is off
[   31.622640] sd 2:0:1:0: [sdb] Incomplete mode parameter data
[   31.650152] sd 2:0:1:0: [sdb] Assuming drive cache: write through
[   31.703895] sd 2:0:1:0: [sdb] Attached SCSI disk
Begin: Loading e[   33.191489] md: linear personality registered for level -1
ssential drivers[   33.271381] md: multipath personality registered for level -4
 ... [   33.343954] md: raid0 personality registered for level 0
[   33.391265] md: raid1 personality registered for level 1
[   33.466097] raid6: sse2x1   gen()  8416 MB/s
[   33.577930] raid6: sse2x1   xor()  6359 MB/s
[   33.686150] raid6: sse2x2   gen()  9919 MB/s
[   33.790146] raid6: sse2x2   xor()  6692 MB/s
[   33.910098] raid6: sse2x4   gen()  8903 MB/s
[   34.026103] raid6: sse2x4   xor()  8035 MB/s
[   34.142084] raid6: avx2x1   gen() 16382 MB/s
[   34.262469] raid6: avx2x2   gen() 19249 MB/s
[   34.374156] raid6: avx2x4   gen() 21812 MB/s
[   34.423905] raid6: using algorithm avx2x4 gen() 21812 MB/s
[   34.494691] raid66 using avx2x2 recovery algorithm
[   34.544535] xor: automatically using best checksumming function:
[   34.690492]    avx       : 16072.000 MB/sec
[   34.743970] async_tx: api initialized (async)
[   34.814964] md: raid6 personality registered for level 6
[   34.846586] md: raid5 personality registered for level 5
[   34.878999] md: raid4 personality registered for level 4
[   34.887049] md: raid10 personality registered for level 10
done.
Begin: Running /scripts/init-premount ... done.
Begin: Mounting root file system ... Begin: Running /scripts/local-top ... don[   34.960496] Btrfs loaded
e.
Begin: Running /scripts/local-premount ... Scanning for Btrfs filesystems
done.
Warning: fsck no[   35.035195] EXT4-fs (sda1): mounted filesystem with ordered data mode. Opts: (null)
t present, so skipping root file system
done.
Begin: Running /scripts/local-bottom ... done.
Begin: Running /scripts/init-bottom ... done.
[   5.3674] sstemd1]syem22ruininysm de. +PAM +AITSENUX +IMA +APPAMO +MA +YSNI +UTMP +LIBCRYPTSETUP +GRY +UT +L Z Z4SEOM +BLKI +ELFTI +ODID
[   37.089456] systemd[1]: Detected virtualization oracle.
[   37.126956] systemd[1]: Detected architecture x86-64.

Welcome to [1mUbuntu 16.04.3 LTS[0m!

[   37.151096] systemd[1]: Set hostname to <ubuntu>.
[   37.205131] systemd[1]: Initializing machine ID from random generator.
[   37.271077] systemd[1]: Installed transient /etc/machine-id file.
[   37.409869] random: nonblocking pool is initialized
[   37.527763] systemd[1]: Reached target User and Group Name Lookups.
[[0;32m  OK  [0m] Reached target User and Group Name Lookups.
[   37.597071] systemd[1]: Started Trigger resolvconf update for networkd DNS.
[[0;32m  OK  [0m] Started Trigger resolvconf update for networkd DNS.
[   7.087] systemd[1]: Listening on oualoct.
[[0;32m  OK  [0m] Listening on Journal Socket.
[ 383663] systemd[1]:CrteslceseanSeio Slice.

[[0;32m  OK  [0m] Created slice User and Session Slice.
[   38806665] system[1 S uaumot biary Executable File Formas File System Automount Point.

[[0;32m  OK  [0m] Set up automount Arbitrary Executab...ats File System Automount Point.
[   39.371556] systemd[1]: Listening on udev Kernel Socket.
[[0;32m  OK  [0m] Listening on udev Kernel Socket.
[   39.377172] systemd[1]: Listening on /dev/initctl Compatibility Named Pipe.
[[0;32m  OK  [0m] Listening on /dev/initctl Compatibility Named Pipe.
[  39.487365] systemd[1]: Reached target Encrypted Volumes.
[[0;32m  OK  [0m] Reached target Encrypted Volumes.
[   39.526670] systemd[1]: Listening on Device-mapper event daemon FIFOs.
[[0;32m  OK  [0m] Listening on Device-mapper event daemon FIFOs.
[ 396273syemd[1: Listening onoualud Ske
[[0;32m  OK  [0m] Listening on Journal Audit Socket.
[  40.2311] stemd[1]: Created slice System Slice.

[[0;32m  OK  [0m] Created slice System Slice.
[   40.430954] systemd[1]: Starting Load Kernel Modules...
         Starting Load Ke[   40.476793] Loading iSCSI transport class v2.0-870.
rnel Modules...
[   40.519925] systemd[1]: Starting Uncomplicated firewall...
[   40.591386] iscsi: registered transport (tcp)
         Starting Uncomplicated firewall.[   40.667826] iscsi: registered transport (iser)
..
[   40.715060] systemd[1]: Starting Set console keymap...
         Starting Set console keymap...
[   40.803356] systemd[1]: Starting Create list of required static device nodes for the current kernel...
         Starting Create list of required st... nodes for the current kernel...
[ 40794]ysem[1]: Listenig  Jrn Sck (evog).
[[0;32m  OK  [0m] Listening on Journal Socket (/dev/log).
[   47155 systmd[1]: acd rg Sce
[[0;32m  OK  [0m] Reached target Slices.
[   42.25967] std[: stinonysog Socket.
[[0;32m  OK  [0m] Listening on Syslog Socket.
[   42.702921] systemd[1]: Starting Journal Service...
         Starting Journal Service...
[   42.721475] systemd[1]: Listening on LVM2 poll daemon socket.
[[0;32m  OK  [0m] Listening on LVM2 poll daemon socket.
[   42.79812] systmd[1]: Liteng on LVM2 tadata daemon socket.

[[0;32m  OK  [0m] Listening on LVM2 metadata daemon socket.
[   43.102235] systemd[1]: Starting Remount Root and Kernel File Systems...
         Starting Remount[   43.145209] EXT4-fs (sda1): re-mounted. Opts: (null)
 Root and Kernel File Systems...
[   43.227354] systemd[1]: Created slice system-serial\x2dgetty.slice.
[[0;32m  OK  [0m] Created slice system-serial\x2dgetty.slice.
[   43.358330] systemd[1]: Mounting Debug File System...
         Mounting Debug File System...
[ 43565]ysmd1]StartedFowardPassword RequeststoWa Decryat.
[[0;32m  OK  [0m] Started Forward Password Requests to Wall Directory Watch.
[   44.318675] systemd[1]: Reached target Swap.
[[0;32m  OK  [0m] Reached target Swap.
[   44.350561] systemd[1]: Mounting Huge Pages File System...
         Mounting Huge Pages File System...
[   44.530577] systemd[1]: Starting Nameserver information manager...
         Starting Nameserver information manager...
[   44.602460] systemd[1]: Starting Monitoring of LVM2 mirrors, snapshots etc. using dmeventd or progress polling...
         Starting Monitoring of LVM2 mirrors... dmeventd or progress polling...
[ 44770661] sysem[1]: Lsting onudv Cntl Socket.

[[0;32m  OK  [0m] Listening on udev Control Socket.
[   45.222492] systemd[1]: Mounting POSIX Message Queue File System...
         Mounting POSIX Message Queue File System...
[   45.303946] systemd[1]: Mounted POSIX Message Queue File System.
[[0;32m  OK  [0m] Mounted POSIX Message Queue File System.
[   45.364282] systemd[1]: Mounted Debug File System.
[[0;32m  OK  [0m] Mounted Debug File System.
[   45.368141] systemd[1]: Mounted Huge Pages File System.
[[0;32m  OK  [0m] Mounted Huge Pages File System.
[   5.59] std[: tarted Journal Service.
[[0;32m  OK  [0m] Started Journal Service.
[[0;32m  OK  [0m] Started Load Kernel Modules.
[[0;32m  OK  [0m] Started Uncomplicated firewall.
[[0;32m  OK  [0m] Started Set console keymap.
[[0;32m  OK  [0m] Started Create list of required sta...ce nodes for the current kernel.
[[0;32m  OK  [0m] Started Remount Root and Kernel File Systems.
[[0;32m  OK  [0m] Started Nameserver information manager.
[[0;32m  OK  [0m] Started LVM2 metadata daemon.
         Starting Load/Save Random Seed...
         Starting Initial cloud-init job (pre-networking)...
         Starting udev Coldplug all Devices...
         Starting Create Static Device Nodes in /dev...
         Starting Apply Kernel Variables...
         Mounting FUSE Control File System...
         Starting Flush Journal to Persistent Storage...
[[0;32m  OK  [0m] Mounted FUSE Control File System.
[[0;32m  OK  [0m] Started Load/Save Random Seed.
[[0;32m  OK  [0m] Started Create Static Device Nodes in /dev.
[[0;32m  OK  [0m] Started Apply Kernel Variables.
[[0;32m  OK  [0m] Started udev Coldplug all Devices.
[[0;32m  OK  [0m] Started Monitoring of LVM2 mirrors,...ng dmeventd or progress polling.
[[0;32m  OK  [0m] Started Flush Journal to Persistent Storage.
         Starting udev Kernel Device Manager...
[[0;32m  OK  [0m] Started udev Kernel Device Manager.
[[0;32m  OK  [0m] Started Dispatch Password Requests to Console Directory Watch.
[[0;32m  OK  [0m] Reached target Local File Systems (Pre).
[[0;32m  OK  [0m] Reached target Local File Systems.
         Starting Set console font and keymap...
         Starting Tell Plymouth To Write Out Runtime Data...
         Starting Commit a transient machine-id on disk...
         Starting Create Volatile Files and Directories...
         Starting LSB: AppArmor initialization...
[[0;32m  OK  [0m] Started Tell Plymouth To Write Out Runtime Data.
[[0;32m  OK  [0m] Started Create Volatile Files and Directories.
[[0;32m  OK  [0m] Started Commit a transient machine-id on disk.
[[0;32m  OK  [0m] Reached target System Time Synchronized.
         Starting Update UTMP about System Boot/Shutdown...
[[0;32m  OK  [0m] Started Update UTMP about System Boot/Shutdown.
[[0;32m  OK  [0m] Found device /dev/ttyS0.
[   33.095396] cloud-init[445]: Cloud-init v. 17.1 running 'init-local' at Mon, 29 Jan 2018 16:45:28 +0000. Up 32.30 seconds.
[[0;1;31mFAILED[0m] Failed to start Set console font and keymap.
See 'systemctl status console-setup.service' for details.
[[0;32m  OK  [0m] Started Initial cloud-init job (pre-networking).
[[0;32m  OK  [0m] Reached target Network (Pre).
[[0;32m  OK  [0m] Created slice system-getty.slice.
[[0;32m  OK  [0m] Listening on Load/Save RF Kill Switch Status /dev/rfkill Watch.
[[0;32m  OK  [0m] Started LSB: AppArmor initialization.
         Starting Raise network interfaces...
[[0;32m  OK  [0m] Started Raise network interfaces.
[[0;32m  OK  [0m] Reached target Network.
         Starting Initial cloud-init job (metadata service crawler)...
[   37.001439] cloud-init[927]: Cloud-init v. 17.1 running 'init' at Mon, 29 Jan 2018 16:45:32 +0000. Up 36.33 seconds.
[[0;32m  OK  [0m] Started Initial cloud-init job (metadata service crawler).
[   37.118871] cloud-init[927]: ci-info: ++++++++++++++++++++++++++++++++++++++Net device info++++++++++++++++++++++++++++++++++++++
[   37.214549] cloud-init[927]: ci-info: +--------+-------+----------------------------+---------------+-------+-------------------+
[   37.284719] cloud-init[927]: ci-info: | Device |   Up  |          Address           |      Mask     | Scope |     Hw-Address    |
[   37.392483] cloud-init[927]: ci-info: +--------+-------+----------------------------+---------------+-------+-------------------+
[[0;32m  OK  [0m] Reached target System Initialization.
[[0;32m  OK  [0m] Started Timer to automatically refresh installed snaps.
[   37.528562] cloud-init[927]: ci-info: | enp0s3 |  True |         10.0.2.15          | 255.255.255.0 |   .   | 02:db:14:78:b4:e6 |
[   37.752843] cloud-init[927]: ci-info: | enp0s3 |  True | fe80::db:14ff:fe78:b4e6/64 |       .       |  link | 02:db:14:78:b4:e6 |
         Starting LXD - unix socket.
         [   37.836808] Starting Socket activation for snappy daemon.cloud-init
[927]: ci-info: | enp0s8 | False |             .              |       .       |   .   | 08:00:27:79:13:0a |
[   37.993070] cloud-init[927]: ci-info: |   lo   |  True |         127.0.0.1          |   255.0.0.0   |   .   |         .         |
[   37.993639] cloud-init[927]: ci-info: |   lo   |  True |          ::1/128           |       .       |  host |         .         |
[[0;32m  OK  [0m] Started ACPI Events Check.
[   37.993868] cloud-init[927]: ci-info: +--------+-------+----------------------------+---------------+-------+-------------------+
[   38.201154] cloud-init[927]: ci-info: +++++++++++++++++++++++++++Route IPv4 info++++++++++++++++++++++++++++
[[0;32m  OK  [0m] Reached target Paths.
[   38.201348] cloud-init[927]: ci-info: +-------+-------------+----------+---------------+-----------+-------+
[   38.207398] cloud-init[927]: ci-info: | Route | Destination | Gateway  |    Genmask    | Interface | Flags |
[[0;32m  OK  [0m] Listening on D-Bus System Message Bus Socket.
[   38.207825] cloud-init[927]: ci-info: +-------+-------------+----------+---------------+-----------+-------+
[   38.213728] cloud-init[927]: ci-info: |   0   |   0.0.0.0   | 10.0.2.2 |    0.0.0.0    |   enp0s3  |   UG  |
[[0;32m  OK  [0m] Listening on ACPID Listen Socket.
[   38.213921] cloud-init[927]: ci-info: |   1   |   10.0.2.0  | 0.0.0.0  | 255.255.255.0 |   enp0s3  |   U   |
[   38.224198] cloud-init[927]: ci-info: +-------+-------------+----------+---------------+-----------+-------+
[[0;32m  OK  [0m] Listening on UUID daemon activation socket.
[   38.224333] cloud-init[927]: Generating public/private rsa key pair.
[   38.230496] cloud-init[927]: Your identification has been saved in /etc/ssh/ssh_host_rsa_key.
[   38.230736] cloud-init[927]: Your public key has been saved in /etc/ssh/ssh_host_rsa_key.pub.
[   38.230985] cloud-init[927]: The key fingerprint is:
[   38.231215] cloud-init[927]: SHA256:y3tZP59/OctbkSp9YfvUi5VExysh008Q0oIxU4+yNEg root@ubuntu-xenial
[   38.231487] cloud-init[927]: The key's randomart image is:
[[0;32m  OK  [0m] Started Daily Cleanup of Temporary Directories.
[[   38.232497] cloud-init[927]: +---[RSA 2048]----+
[   38.325035] cloud-init[927]: |       E ++o.o.  |
[   38.325205] cloud-init[927]: |      . ..o.=... |
[   38.325436] cloud-init[927]: |       . + +.+ oo|
[   38.325756] cloud-init[927]: |        . + o = +|
[   38.325917] cloud-init[927]: |        S.   . O |
[0;32m  OK  [0m] Reached target Network is Online.
[[   38.326148] cloud-init[927]: |       . .  o = *|
[   38.518389] cloud-init[927]: |        o  + + ==|
[0;32m  OK  [0m] Started Daily apt download activities.
[[   38.518662] cloud-init[927]: |         .o . B+*|
[   38.653240] cloud-init[927]: |        ..   . OX|
[   38.653500] cloud-init[927]: +----[SHA256]-----+
[   38.653799] cloud-init[927]: Generating public/private dsa key pair.
[   38.654099] cloud-init[927]: Your identification has been saved in /etc/ssh/ssh_host_dsa_key.
[   38.654400] cloud-init[927]: Your public key has been saved in /etc/ssh/ssh_host_dsa_key.pub.
[   38.654704] cloud-init[927]: The key fingerprint is:
[   38.654976] cloud-init[927]: SHA256:lkKuOPq1TgVdxtNOWeU7tikV9FadGcdJfseRd3WlEew root@ubuntu-xenial
[   38.655219] cloud-init[927]: The key's randomart image is:
[   38.655454] cloud-init[927]: +---[DSA 1024]----+
[   38.655698] cloud-init[927]: |       .o. o.o**/|
[   38.655941] cloud-init[927]: |     . oo +  ooXX|
[0;32m  OK  [0m] Started Daily apt upgrade and clean activities.
[[   38.656806] cloud-init[927]: |    . o  +   .+.O|
[   39.062043] cloud-init[927]: |     +   ..   E+o|
[0;32m  OK  [0m] Reached target Timers.
[   39.062139] cloud-init[927]: |      + S     =  |
[   39.248791] cloud-init[927]: |   . o o     o + |
[   39.249344] cloud-init[927]: |  o +       . o  |
         Starting iSCSI initiator daemon (iscsid)...
[[   39.249636] cloud-init[927]: | . + .       .   |
[   39.293831] cloud-init[927]: |....o            |
[0;32m  OK  [0m] Reached target Cloud-config availability.
[   39.293948] cloud-init[927]: +----[SHA256]-----+
[   39.427057] cloud-init[927]: Generating public/private ecdsa key pair.
[[0;32m  OK  [0m] Listening on LXD - unix socket.
[   39.427332] cloud-init[927]: Your identification has been saved in /etc/ssh/ssh_host_ecdsa_key.
[   39.446399] cloud-init[927]: Your public key has been saved in /etc/ssh/ssh_host_ecdsa_key.pub.
[[0;32m  OK  [0m] Listening on Socket activation for snappy daemon.
[   39.446594] cloud-init[927]: The key fingerprint is:
[   39.624706] cloud-init[927]: SHA256:EhcEQYYOc52XDSEBMl1x22GIY2RcqenLeKxhDPoeT5I root@ubuntu-xenial
[   39.649768] cloud-init[927]: The key's randomart image is:
[   39.650284] cloud-init[927]: +---[ECDSA 256]---+
[[0;32m  OK  [0m] Started iSCSI initiator daemon (iscsid).
[   39.650678] cloud-init[927]: |  o..O%XBBo      |
[   39.840883] cloud-init[927]: |  oo+oBo==..     |
[   39.841418] cloud-init[927]: |   = ..=o .      |
         Starting Login to default iSCSI targets...
[[   39.841828] cloud-init[927]: |    . oo         |
[   39.974424] cloud-init[927]: |  .  .. S        |
[   39.974812] cloud-init[927]: | . +  ..         |
[   39.975268] cloud-init[927]: |. E =+ .         |
[   39.975735] cloud-init[927]: | . *..=          |
[0;32m  OK  [0m] Reached target Sockets.
[[   39.977252] cloud-init[927]: | .o oo           |
[   40.153722] cloud-init[927]: +----[SHA256]-----+
[   40.153975] cloud-init[927]: Generating public/private ed25519 key pair.
[   40.154276] cloud-init[927]: Your identification has been saved in /etc/ssh/ssh_host_ed25519_key.
[   40.154583] cloud-init[927]: Your public key has been saved in /etc/ssh/ssh_host_ed25519_key.pub.
[   40.154883] cloud-init[927]: The key fingerprint is:
[   40.155184] cloud-init[927]: SHA256:kN/ljkCI5hGufVIdJ2P5Xe4OBUpfne++sG3It52mHJU root@ubuntu-xenial
[   40.155500] cloud-init[927]: The key's randomart image is:
[   40.155789] cloud-init[927]: +--[ED25519 256]--+
[0;32m  OK  [0m] Reached target Basic System.
[   40.156653] cloud-init[927]: |    .   =..    ..|
[   40.684689] cloud-init[927]: |   . o =.=. . o..|
[   40.685289] cloud-init[927]: |    = = oo +.=  .|
[[0;32m  OK  [0m] Started ACPI event daemon.
[   40.685521] cloud-init[927]: |   = o + .ooo o o|
[   40.872426] cloud-init[927]: |  . + . S . .o E |
[   40.872801] cloud-init[927]: |     o   . o. o .|
         Starting Apply the settings specified in cloud-config...
[   40.872936] cloud-init[927]: |          . o=.. |
[   41.169852] cloud-init[927]: |            .o*++|
[   41.170278] cloud-init[927]: |             +==+|
[[0;32m  OK  [0m] Started Deferred execution scheduler.
[   41.170581] cloud-init[927]: +----[SHA256]-----+
         Starting Accounts Service...
         Starting System Logging Service...
         Starting Snappy daemon...
         Starting Pollinate to seed the pseudo random number generator...
[[0;32m  OK  [0m] Started FUSE filesystem for LXC.
         Starting /etc/rc.local Compatibility...
[[0;32m  OK  [0m] Started Unattended Upgrades Shutdown.
[   41.323504] cloud-init[1030]: Generating locales (this might take a while)...
         Starting LSB: Record successful boot for GRUB...
[[0;32m  OK  [0m] Started D-Bus System Message Bus.
[[0;32m  OK  [0m] Started Regular background program processing daemon.
         Starting LXD - container startup/shutdown...
         Starting LSB: MD monitoring daemon...
         Starting Login Service...
[[0;32m  OK  [0m] Started System Logging Service.
[[0;32m  OK  [0m] Started Snappy daemon.
[[0;32m  OK  [0m] Started Pollinate to seed the pseudo random number generator.
[[0;32m  OK  [0m] Started /etc/rc.local Compatibility.
[[0;32m  OK  [0m] Started LXD - container startup/shutdown.
[[0;32m  OK  [0m] Started Login to default iSCSI targets.
[[0;32m  OK  [0m] Started LSB: Record successful boot for GRUB.
[[0;32m  OK  [0m] Started LSB: MD monitoring daemon.
         Starting Authenticate and Authorize Users to Run Privileged Tasks...
[[0;32m  OK  [0m] Reached target Remote File Systems (Pre).
[[0;32m  OK  [0m] Reached target Remote File Systems.
         Starting LSB: automatic crash report generation...
[   42.375937] cloud-init[1030]:   en_US.UTF-8... done
         Starting Permit User Sessions...
[   42.435707] cloud-init[1030]: Generation complete.
         Starting LSB: Set the CPU Frequency Scaling governor to "ondemand"...
         Starting LSB: VirtualBox Linux Additions...
         Starting LSB: daemon to balance interrupts for SMP systems...
         Starting OpenBSD Secure Shell server...
[[0;32m  OK  [0m] Started OpenBSD Secure Shell server.
[[0;32m  OK  [0m] Started Permit User Sessions.
[[0;32m  OK  [0m] Started Login Service.
[[0;32m  OK  [0m] Started Authenticate and Authorize Users to Run Privileged Tasks.
[[0;32m  OK  [0m] Started Accounts Service.
[   42.725116] cloud-init[1030]: Cloud-init v. 17.1 running 'modules:config' at Mon, 29 Jan 2018 16:45:37 +0000. Up 41.10 seconds.
[[0;32m  OK  [0m] Started Apply the settings specified in cloud-config.
[[0;32m  OK  [0m] Started LSB: Set the CPU Frequency Scaling governor to "ondemand".
[[0;32m  OK  [0m] Started LSB: automatic crash report generation.
[[0;32m  OK  [0m] Started LSB: VirtualBox Linux Additions.
         Starting Hold until boot process finishes up...
         Starting Terminate Plymouth Boot Screen...
[[0;32m  OK  [0m] Started LSB: daemon to balance interrupts for SMP systems.
[[0;32m  OK  [0m] Started Hold until boot process finishes up.
[[0;32m  OK  [0m] Started Terminate Plymouth Boot Screen.
         Starting Set console scheme...
[[0;32m  OK  [0m] Started Getty on tty1.
[[0;32m  OK  [0m] Started Serial Getty on ttyS0.
[[0;32m  OK  [0m] Reached target Login Prompts.
[[0;32m  OK  [0m] Reached target Multi-User System.
         Starting Execute cloud user/final scripts...
[[0;32m  OK  [0m] Reached target Graphical Interface.
         Starting Update UTMP about System Runlevel Changes...
[[0;32m  OK  [0m] Started Set console scheme.
[[0;32m  OK  [0m] Started Update UTMP about System Runlevel Changes.
[[0;32m  OK  [0m] Created slice User Slice of vagrant.
         Starting User Manager for UID 1000...
[[0;32m  OK  [0m] Started Session 1 of user vagrant.
[[0;32m  OK  [0m] Started User Manager for UID 1000.
ci-info: no authorized ssh keys fingerprints found for user ubuntu.
<14>Jan 29 16:45:40 ec2: 
<14>Jan 29 16:45:40 ec2: #############################################################
<14>Jan 29 16:45:40 ec2: -----BEGIN SSH HOST KEY FINGERPRINTS-----
<14>Jan 29 16:45:40 ec2: 1024 SHA256:lkKuOPq1TgVdxtNOWeU7tikV9FadGcdJfseRd3WlEew root@ubuntu-xenial (DSA)
<14>Jan 29 16:45:40 ec2: 256 SHA256:EhcEQYYOc52XDSEBMl1x22GIY2RcqenLeKxhDPoeT5I root@ubuntu-xenial (ECDSA)
<14>Jan 29 16:45:40 ec2: 256 SHA256:kN/ljkCI5hGufVIdJ2P5Xe4OBUpfne++sG3It52mHJU root@ubuntu-xenial (ED25519)
<14>Jan 29 16:45:40 ec2: 2048 SHA256:y3tZP59/OctbkSp9YfvUi5VExysh008Q0oIxU4+yNEg root@ubuntu-xenial (RSA)
<14>Jan 29 16:45:40 ec2: -----END SSH HOST KEY FINGERPRINTS-----
<14>Jan 29 16:45:40 ec2: #############################################################
-----BEGIN SSH HOST KEY KEYS-----
ecdsa-sha2-nistp256 AAAAE2VjZHNhLXNoYTItbmlzdHAyNTYAAAAIbmlzdHAyNTYAAABBBOTwLt4zMHxE7PYOy0UOGuWG7QCar49CcwqWiktod3be+vgGz+FnNgfmYR8ZPLYN6kAjQHL8AScZqF/WSij4LqM= root@ubuntu-xenial
ssh-ed25519 AAAAC3NzaC1lZDI1NTE5AAAAIH7vQq82uzyVpFHUSmVK23hb2CXaLt8ETlT6ai2Q+eE0 root@ubuntu-xenial
ssh-rsa AAAAB3NzaC1yc2EAAAADAQABAAABAQDTofJOPoMup/5S0qEt3Rs1cQAlFmBs1jjI6y65iOCpyyPnyW/XgS3+FVgNgivUBWCfWnylEhyVYOC72JGsrZPEyxgZ4+oUJOEaKyeRoy1CX1Gd2/XPkhoTf18GqguqHvMhwANxm13+6xrNmIrOzrumxwDs0YdA9Qt1FZ26vBMtu3tM9CG6uEL4iRYGVPQY598uQYLaNQXCaEJUVN9tIjy9CzJ/JKOfjZJ/YHLDjmomhCEwqXZvJEfLfDekk6LVfR2y3MowZnPn8y5HaM+uKKvdapzpf5d1m/mwu3jzDN9oLVMubXYjL9/V9c816ojO8hq+R3iCxKapZ7+KLhAVk3g1 root@ubuntu-xenial
-----END SSH HOST KEY KEYS-----
[   44.575428] cloud-init[1275]: Cloud-init v. 17.1 running 'modules:final' at Mon, 29 Jan 2018 16:45:40 +0000. Up 43.95 seconds.
[   44.599806] cloud-init[1275]: ci-info: no authorized ssh keys fingerprints found for user ubuntu.
[   44.668649] cloud-init[1275]: Cloud-init v. 17.1 finished at Mon, 29 Jan 2018 16:45:41 +0000. Datasource DataSourceNoCloud [seed=/dev/sdb][dsmode=net].  Up 44.56 seconds
[[0;32m  OK  [0m] Started Execute cloud user/final scripts.
[[0;32m  OK  [0m] Reached target Cloud-init target.

Ubuntu 16.04.3 LTS ubuntu-xenial ttyS0

ubuntu-xenial login: 